Dec  1 00:12:22 danny-ubuntu kernel: [42927.571480] audit: type=1400 audit(1575155542.739:6353): apparmor="STATUS" operation="profile_replace" profile="unconfined" name="snap-update-ns.mattermost-desktop" pid=4294 comm="apparmor_parser"
Dec  1 00:12:23 danny-ubuntu kernel: [42927.843236] audit: type=1400 audit(1575155543.011:6354): apparmor="STATUS" operation="profile_replace" profile="unconfined" name="snap.mattermost-desktop.mattermost-desktop" pid=4295 comm="apparmor_parser"
Dec  1 00:12:23 danny-ubuntu kernel: [42928.354076] audit: type=1400 audit(1575155543.519:6355): apparmor="STATUS" operation="profile_replace" info="same as current profile, skipping" profile="unconfined" name="/snap/core/8039/usr/lib/snapd/snap-confine" pid=4299 comm="apparmor_parser"
Dec  1 00:12:23 danny-ubuntu kernel: [42928.354082] audit: type=1400 audit(1575155543.519:6356): apparmor="STATUS" operation="profile_replace" info="same as current profile, skipping" profile="unconfined" name="/snap/core/8039/usr/lib/snapd/snap-confine//mount-namespace-capture-helper" pid=4299 comm="apparmor_parser"
Dec  1 00:12:23 danny-ubuntu kernel: [42928.435057] audit: type=1400 audit(1575155543.603:6357): apparmor="STATUS" operation="profile_replace" info="same as current profile, skipping" profile="unconfined" name="snap-update-ns.core" pid=4301 comm="apparmor_parser"
Dec  1 00:12:23 danny-ubuntu kernel: [42928.483687] audit: type=1400 audit(1575155543.651:6358): apparmor="STATUS" operation="profile_replace" info="same as current profile, skipping" profile="unconfined" name="snap.core.hook.configure" pid=4302 comm="apparmor_parser"
Dec  1 00:18:00 danny-ubuntu canonical-livepatch[1086]: Client.Check
Dec  1 00:18:00 danny-ubuntu canonical-livepatch[1086]: Checking with livepatch service.
Dec  1 00:18:01 danny-ubuntu canonical-livepatch[1086]: updating last-check
Dec  1 00:18:01 danny-ubuntu canonical-livepatch[1086]: touched last check
Dec  1 00:18:01 danny-ubuntu canonical-livepatch[1086]: No updates available at this time.
Dec  1 00:18:01 danny-ubuntu canonical-livepatch[1086]: No payload available.
Dec  1 00:49:24 danny-ubuntu kernel: [45149.744253] audit: type=1400 audit(1575157764.952:6359): apparmor="DENIED" operation="open" profile="snap.gnome-system-monitor.gnome-system-monitor" name="/home/danny/Documents/" pid=7716 comm="head" requested_mask="r" denied_mask="r" fsuid=1000 ouid=1000
Dec  1 00:49:26 danny-ubuntu kernel: [45151.608360] audit: type=1400 audit(1575157766.816:6360): apparmor="DENIED" operation="open" profile="snap.gnome-system-monitor.gnome-system-monitor" name="/var/lib/snapd/desktop/applications/vlc_vlc.desktop" pid=7645 comm="gnome-system-mo" requested_mask="r" denied_mask="r" fsuid=1000 ouid=0
Dec  1 00:49:26 danny-ubuntu kernel: [45151.608445] audit: type=1400 audit(1575157766.816:6361): apparmor="DENIED" operation="open" profile="snap.gnome-system-monitor.gnome-system-monitor" name="/var/lib/snapd/desktop/applications/mattermost-desktop_mattermost-desktop.desktop" pid=7645 comm="gnome-system-mo" requested_mask="r" denied_mask="r" fsuid=1000 ouid=0
Dec  1 00:49:26 danny-ubuntu kernel: [45151.608470] audit: type=1400 audit(1575157766.816:6362): apparmor="DENIED" operation="open" profile="snap.gnome-system-monitor.gnome-system-monitor" name="/var/lib/snapd/desktop/applications/mailspring_mailspring.desktop" pid=7645 comm="gnome-system-mo" requested_mask="r" denied_mask="r" fsuid=1000 ouid=0
Dec  1 00:49:26 danny-ubuntu kernel: [45151.608493] audit: type=1400 audit(1575157766.816:6363): apparmor="DENIED" operation="open" profile="snap.gnome-system-monitor.gnome-system-monitor" name="/var/lib/snapd/desktop/applications/skype_skypeforlinux.desktop" pid=7645 comm="gnome-system-mo" requested_mask="r" denied_mask="r" fsuid=1000 ouid=0
Dec  1 00:49:26 danny-ubuntu kernel: [45151.608515] audit: type=1400 audit(1575157766.816:6364): apparmor="DENIED" operation="open" profile="snap.gnome-system-monitor.gnome-system-monitor" name="/var/lib/snapd/desktop/applications/simplescreenrecorder_ssr.desktop" pid=7645 comm="gnome-system-mo" requested_mask="r" denied_mask="r" fsuid=1000 ouid=0
Dec  1 00:49:26 danny-ubuntu kernel: [45151.608537] audit: type=1400 audit(1575157766.816:6365): apparmor="DENIED" operation="open" profile="snap.gnome-system-monitor.gnome-system-monitor" name="/var/lib/snapd/desktop/applications/chromium_chromium.desktop" pid=7645 comm="gnome-system-mo" requested_mask="r" denied_mask="r" fsuid=1000 ouid=0
Dec  1 00:49:26 danny-ubuntu kernel: [45151.650817] audit: type=1400 audit(1575157766.860:6366): apparmor="DENIED" operation="open" profile="snap.gnome-system-monitor.gnome-system-monitor" name="/var/lib/snapd/desktop/applications/spotify_spotify.desktop" pid=7645 comm="gnome-system-mo" requested_mask="r" denied_mask="r" fsuid=1000 ouid=0
Dec  1 00:49:26 danny-ubuntu kernel: [45151.650894] audit: type=1400 audit(1575157766.860:6367): apparmor="DENIED" operation="open" profile="snap.gnome-system-monitor.gnome-system-monitor" name="/var/lib/snapd/desktop/applications/gnome-characters_gnome-characters.desktop" pid=7645 comm="gnome-system-mo" requested_mask="r" denied_mask="r" fsuid=1000 ouid=0
Dec  1 00:49:26 danny-ubuntu kernel: [45151.650899] audit: type=1400 audit(1575157766.860:6368): apparmor="DENIED" operation="open" profile="snap.gnome-system-monitor.gnome-system-monitor" name="/var/lib/snapd/desktop/applications/snap-store_snap-store.desktop" pid=7645 comm="gnome-system-mo" requested_mask="r" denied_mask="r" fsuid=1000 ouid=0
Dec  1 00:49:32 danny-ubuntu kernel: [45157.696902] kauditd_printk_skb: 2 callbacks suppressed
Dec  1 00:49:32 danny-ubuntu kernel: [45157.696904] audit: type=1400 audit(1575157772.905:6371): apparmor="DENIED" operation="open" profile="snap.gnome-system-monitor.gnome-system-monitor" name="/proc/1223/attr/current" pid=7645 comm="gnome-system-mo" requested_mask="r" denied_mask="r" fsuid=1000 ouid=1000
Dec  1 00:49:32 danny-ubuntu kernel: [45157.723457] audit: type=1400 audit(1575157772.933:6372): apparmor="DENIED" operation="open" profile="snap.gnome-system-monitor.gnome-system-monitor" name="/proc/1225/attr/current" pid=7645 comm="gnome-system-mo" requested_mask="r" denied_mask="r" fsuid=1000 ouid=0
Dec  1 00:49:32 danny-ubuntu kernel: [45157.723752] audit: type=1400 audit(1575157772.933:6373): apparmor="DENIED" operation="open" profile="snap.gnome-system-monitor.gnome-system-monitor" name="/proc/1411/attr/current" pid=7645 comm="gnome-system-mo" requested_mask="r" denied_mask="r" fsuid=1000 ouid=0
Dec  1 00:49:32 danny-ubuntu kernel: [45157.723869] audit: type=1400 audit(1575157772.933:6374): apparmor="DENIED" operation="open" profile="snap.gnome-system-monitor.gnome-system-monitor" name="/run/systemd/sessions/1" pid=7645 comm="gnome-system-mo" requested_mask="r" denied_mask="r" fsuid=1000 ouid=0
Dec  1 00:49:32 danny-ubuntu kernel: [45157.724035] audit: type=1400 audit(1575157772.933:6375): apparmor="DENIED" operation="open" profile="snap.gnome-system-monitor.gnome-system-monitor" name="/run/systemd/sessions/1" pid=7645 comm="gnome-system-mo" requested_mask="r" denied_mask="r" fsuid=1000 ouid=0
Dec  1 00:49:32 danny-ubuntu kernel: [45157.724120] audit: type=1400 audit(1575157772.933:6376): apparmor="DENIED" operation="open" profile="snap.gnome-system-monitor.gnome-system-monitor" name="/proc/1427/attr/current" pid=7645 comm="gnome-system-mo" requested_mask="r" denied_mask="r" fsuid=1000 ouid=1000
Dec  1 00:49:32 danny-ubuntu kernel: [45157.724191] audit: type=1400 audit(1575157772.933:6377): apparmor="DENIED" operation="open" profile="snap.gnome-system-monitor.gnome-system-monitor" name="/run/systemd/sessions/1" pid=7645 comm="gnome-system-mo" requested_mask="r" denied_mask="r" fsuid=1000 ouid=0
Dec  1 00:49:32 danny-ubuntu kernel: [45157.724405] audit: type=1400 audit(1575157772.933:6378): apparmor="DENIED" operation="open" profile="snap.gnome-system-monitor.gnome-system-monitor" name="/run/systemd/sessions/1" pid=7645 comm="gnome-system-mo" requested_mask="r" denied_mask="r" fsuid=1000 ouid=0
Dec  1 00:49:32 danny-ubuntu kernel: [45157.724458] audit: type=1400 audit(1575157772.933:6379): apparmor="DENIED" operation="open" profile="snap.gnome-system-monitor.gnome-system-monitor" name="/proc/1507/attr/current" pid=7645 comm="gnome-system-mo" requested_mask="r" denied_mask="r" fsuid=1000 ouid=1000
Dec  1 00:49:32 danny-ubuntu kernel: [45157.724839] audit: type=1400 audit(1575157772.933:6380): apparmor="DENIED" operation="open" profile="snap.gnome-system-monitor.gnome-system-monitor" name="/proc/1514/attr/current" pid=7645 comm="gnome-system-mo" requested_mask="r" denied_mask="r" fsuid=1000 ouid=1000
Dec  1 00:49:39 danny-ubuntu kernel: [45163.905444] kauditd_printk_skb: 397 callbacks suppressed
Dec  1 00:49:39 danny-ubuntu kernel: [45163.905446] audit: type=1400 audit(1575157779.113:6778): apparmor="DENIED" operation="open" profile="snap.gnome-system-monitor.gnome-system-monitor" name="/run/systemd/sessions/1" pid=7645 comm="gnome-system-mo" requested_mask="r" denied_mask="r" fsuid=1000 ouid=0
Dec  1 00:49:39 danny-ubuntu kernel: [45163.905617] audit: type=1400 audit(1575157779.117:6779): apparmor="DENIED" operation="open" profile="snap.gnome-system-monitor.gnome-system-monitor" name="/run/systemd/sessions/1" pid=7645 comm="gnome-system-mo" requested_mask="r" denied_mask="r" fsuid=1000 ouid=0
Dec  1 00:49:39 danny-ubuntu kernel: [45163.905958] audit: type=1400 audit(1575157779.117:6780): apparmor="DENIED" operation="open" profile="snap.gnome-system-monitor.gnome-system-monitor" name="/run/systemd/sessions/1" pid=7645 comm="gnome-system-mo" requested_mask="r" denied_mask="r" fsuid=1000 ouid=0
Dec  1 00:49:39 danny-ubuntu kernel: [45163.906113] audit: type=1400 audit(1575157779.117:6781): apparmor="DENIED" operation="open" profile="snap.gnome-system-monitor.gnome-system-monitor" name="/run/systemd/sessions/1" pid=7645 comm="gnome-system-mo" requested_mask="r" denied_mask="r" fsuid=1000 ouid=0
Dec  1 00:49:39 danny-ubuntu kernel: [45163.907079] audit: type=1400 audit(1575157779.117:6782): apparmor="DENIED" operation="open" profile="snap.gnome-system-monitor.gnome-system-monitor" name="/run/systemd/sessions/1" pid=7645 comm="gnome-system-mo" requested_mask="r" denied_mask="r" fsuid=1000 ouid=0
Dec  1 00:49:39 danny-ubuntu kernel: [45163.907249] audit: type=1400 audit(1575157779.117:6783): apparmor="DENIED" operation="open" profile="snap.gnome-system-monitor.gnome-system-monitor" name="/run/systemd/sessions/1" pid=7645 comm="gnome-system-mo" requested_mask="r" denied_mask="r" fsuid=1000 ouid=0
Dec  1 00:49:39 danny-ubuntu kernel: [45163.907424] audit: type=1400 audit(1575157779.117:6784): apparmor="DENIED" operation="open" profile="snap.gnome-system-monitor.gnome-system-monitor" name="/run/systemd/sessions/1" pid=7645 comm="gnome-system-mo" requested_mask="r" denied_mask="r" fsuid=1000 ouid=0
Dec  1 00:49:39 danny-ubuntu kernel: [45163.907593] audit: type=1400 audit(1575157779.117:6785): apparmor="DENIED" operation="open" profile="snap.gnome-system-monitor.gnome-system-monitor" name="/run/systemd/sessions/1" pid=7645 comm="gnome-system-mo" requested_mask="r" denied_mask="r" fsuid=1000 ouid=0
Dec  1 00:49:39 danny-ubuntu kernel: [45163.907769] audit: type=1400 audit(1575157779.117:6786): apparmor="DENIED" operation="open" profile="snap.gnome-system-monitor.gnome-system-monitor" name="/run/systemd/sessions/1" pid=7645 comm="gnome-system-mo" requested_mask="r" denied_mask="r" fsuid=1000 ouid=0
Dec  1 00:49:39 danny-ubuntu kernel: [45163.910006] audit: type=1400 audit(1575157779.121:6787): apparmor="DENIED" operation="open" profile="snap.gnome-system-monitor.gnome-system-monitor" name="/run/systemd/sessions/1" pid=7645 comm="gnome-system-mo" requested_mask="r" denied_mask="r" fsuid=1000 ouid=0
Dec  1 00:49:45 danny-ubuntu kernel: [45169.907526] kauditd_printk_skb: 215 callbacks suppressed
Dec  1 00:49:45 danny-ubuntu kernel: [45169.907528] audit: type=1400 audit(1575157785.117:7003): apparmor="DENIED" operation="open" profile="snap.gnome-system-monitor.gnome-system-monitor" name="/run/systemd/sessions/1" pid=7645 comm="gnome-system-mo" requested_mask="r" denied_mask="r" fsuid=1000 ouid=0
Dec  1 00:49:45 danny-ubuntu kernel: [45169.907674] audit: type=1400 audit(1575157785.117:7004): apparmor="DENIED" operation="open" profile="snap.gnome-system-monitor.gnome-system-monitor" name="/run/systemd/sessions/1" pid=7645 comm="gnome-system-mo" requested_mask="r" denied_mask="r" fsuid=1000 ouid=0
Dec  1 00:49:45 danny-ubuntu kernel: [45169.908010] audit: type=1400 audit(1575157785.117:7005): apparmor="DENIED" operation="open" profile="snap.gnome-system-monitor.gnome-system-monitor" name="/run/systemd/sessions/1" pid=7645 comm="gnome-system-mo" requested_mask="r" denied_mask="r" fsuid=1000 ouid=0
Dec  1 00:49:45 danny-ubuntu kernel: [45169.908166] audit: type=1400 audit(1575157785.117:7006): apparmor="DENIED" operation="open" profile="snap.gnome-system-monitor.gnome-system-monitor" name="/run/systemd/sessions/1" pid=7645 comm="gnome-system-mo" requested_mask="r" denied_mask="r" fsuid=1000 ouid=0
Dec  1 00:49:45 danny-ubuntu kernel: [45169.909129] audit: type=1400 audit(1575157785.117:7007): apparmor="DENIED" operation="open" profile="snap.gnome-system-monitor.gnome-system-monitor" name="/run/systemd/sessions/1" pid=7645 comm="gnome-system-mo" requested_mask="r" denied_mask="r" fsuid=1000 ouid=0
Dec  1 00:49:45 danny-ubuntu kernel: [45169.909501] audit: type=1400 audit(1575157785.121:7008): apparmor="DENIED" operation="open" profile="snap.gnome-system-monitor.gnome-system-monitor" name="/run/systemd/sessions/1" pid=7645 comm="gnome-system-mo" requested_mask="r" denied_mask="r" fsuid=1000 ouid=0
Dec  1 00:49:45 danny-ubuntu kernel: [45169.909551] audit: type=1400 audit(1575157785.121:7009): apparmor="DENIED" operation="open" profile="snap.gnome-system-monitor.gnome-system-monitor" name="/run/systemd/sessions/1" pid=7645 comm="gnome-system-mo" requested_mask="r" denied_mask="r" fsuid=1000 ouid=0
Dec  1 00:49:45 danny-ubuntu kernel: [45169.909739] audit: type=1400 audit(1575157785.121:7010): apparmor="DENIED" operation="open" profile="snap.gnome-system-monitor.gnome-system-monitor" name="/run/systemd/sessions/1" pid=7645 comm="gnome-system-mo" requested_mask="r" denied_mask="r" fsuid=1000 ouid=0
Dec  1 00:49:45 danny-ubuntu kernel: [45169.909906] audit: type=1400 audit(1575157785.121:7011): apparmor="DENIED" operation="open" profile="snap.gnome-system-monitor.gnome-system-monitor" name="/run/systemd/sessions/1" pid=7645 comm="gnome-system-mo" requested_mask="r" denied_mask="r" fsuid=1000 ouid=0
Dec  1 00:49:45 danny-ubuntu kernel: [45169.912126] audit: type=1400 audit(1575157785.121:7012): apparmor="DENIED" operation="open" profile="snap.gnome-system-monitor.gnome-system-monitor" name="/run/systemd/sessions/1" pid=7645 comm="gnome-system-mo" requested_mask="r" denied_mask="r" fsuid=1000 ouid=0
Dec  1 00:49:52 danny-ubuntu kernel: [45177.033712] kauditd_printk_skb: 361 callbacks suppressed
Dec  1 00:49:52 danny-ubuntu kernel: [45177.033714] audit: type=1400 audit(1575157792.245:7374): apparmor="DENIED" operation="open" profile="snap.gnome-system-monitor.gnome-system-monitor" name="/run/systemd/sessions/1" pid=7645 comm="gnome-system-mo" requested_mask="r" denied_mask="r" fsuid=1000 ouid=0
Dec  1 00:49:52 danny-ubuntu kernel: [45177.033878] audit: type=1400 audit(1575157792.245:7375): apparmor="DENIED" operation="open" profile="snap.gnome-system-monitor.gnome-system-monitor" name="/run/systemd/sessions/1" pid=7645 comm="gnome-system-mo" requested_mask="r" denied_mask="r" fsuid=1000 ouid=0
Dec  1 00:49:52 danny-ubuntu kernel: [45177.034220] audit: type=1400 audit(1575157792.245:7376): apparmor="DENIED" operation="open" profile="snap.gnome-system-monitor.gnome-system-monitor" name="/run/systemd/sessions/1" pid=7645 comm="gnome-system-mo" requested_mask="r" denied_mask="r" fsuid=1000 ouid=0
Dec  1 00:49:52 danny-ubuntu kernel: [45177.034382] audit: type=1400 audit(1575157792.245:7377): apparmor="DENIED" operation="open" profile="snap.gnome-system-monitor.gnome-system-monitor" name="/run/systemd/sessions/1" pid=7645 comm="gnome-system-mo" requested_mask="r" denied_mask="r" fsuid=1000 ouid=0
Dec  1 00:49:52 danny-ubuntu kernel: [45177.035383] audit: type=1400 audit(1575157792.245:7378): apparmor="DENIED" operation="open" profile="snap.gnome-system-monitor.gnome-system-monitor" name="/run/systemd/sessions/1" pid=7645 comm="gnome-system-mo" requested_mask="r" denied_mask="r" fsuid=1000 ouid=0
Dec  1 00:49:52 danny-ubuntu kernel: [45177.035554] audit: type=1400 audit(1575157792.245:7379): apparmor="DENIED" operation="open" profile="snap.gnome-system-monitor.gnome-system-monitor" name="/run/systemd/sessions/1" pid=7645 comm="gnome-system-mo" requested_mask="r" denied_mask="r" fsuid=1000 ouid=0
Dec  1 00:49:52 danny-ubuntu kernel: [45177.035730] audit: type=1400 audit(1575157792.245:7380): apparmor="DENIED" operation="open" profile="snap.gnome-system-monitor.gnome-system-monitor" name="/run/systemd/sessions/1" pid=7645 comm="gnome-system-mo" requested_mask="r" denied_mask="r" fsuid=1000 ouid=0
Dec  1 00:49:52 danny-ubuntu kernel: [45177.035899] audit: type=1400 audit(1575157792.245:7381): apparmor="DENIED" operation="open" profile="snap.gnome-system-monitor.gnome-system-monitor" name="/run/systemd/sessions/1" pid=7645 comm="gnome-system-mo" requested_mask="r" denied_mask="r" fsuid=1000 ouid=0
Dec  1 00:49:52 danny-ubuntu kernel: [45177.036072] audit: type=1400 audit(1575157792.245:7382): apparmor="DENIED" operation="open" profile="snap.gnome-system-monitor.gnome-system-monitor" name="/run/systemd/sessions/1" pid=7645 comm="gnome-system-mo" requested_mask="r" denied_mask="r" fsuid=1000 ouid=0
Dec  1 00:49:52 danny-ubuntu kernel: [45177.038359] audit: type=1400 audit(1575157792.249:7383): apparmor="DENIED" operation="open" profile="snap.gnome-system-monitor.gnome-system-monitor" name="/run/systemd/sessions/1" pid=7645 comm="gnome-system-mo" requested_mask="r" denied_mask="r" fsuid=1000 ouid=0
Dec  1 00:49:59 danny-ubuntu kernel: [45183.918698] kauditd_printk_skb: 280 callbacks suppressed
Dec  1 00:49:59 danny-ubuntu kernel: [45183.918699] audit: type=1400 audit(1575157799.125:7664): apparmor="DENIED" operation="open" profile="snap.gnome-system-monitor.gnome-system-monitor" name="/run/systemd/sessions/1" pid=7645 comm="gnome-system-mo" requested_mask="r" denied_mask="r" fsuid=1000 ouid=0
Dec  1 00:49:59 danny-ubuntu kernel: [45183.918873] audit: type=1400 audit(1575157799.125:7665): apparmor="DENIED" operation="open" profile="snap.gnome-system-monitor.gnome-system-monitor" name="/run/systemd/sessions/1" pid=7645 comm="gnome-system-mo" requested_mask="r" denied_mask="r" fsuid=1000 ouid=0
Dec  1 00:49:59 danny-ubuntu kernel: [45183.919433] audit: type=1400 audit(1575157799.125:7666): apparmor="DENIED" operation="open" profile="snap.gnome-system-monitor.gnome-system-monitor" name="/run/systemd/sessions/1" pid=7645 comm="gnome-system-mo" requested_mask="r" denied_mask="r" fsuid=1000 ouid=0
Dec  1 00:49:59 danny-ubuntu kernel: [45183.919592] audit: type=1400 audit(1575157799.125:7667): apparmor="DENIED" operation="open" profile="snap.gnome-system-monitor.gnome-system-monitor" name="/run/systemd/sessions/1" pid=7645 comm="gnome-system-mo" requested_mask="r" denied_mask="r" fsuid=1000 ouid=0
Dec  1 00:49:59 danny-ubuntu kernel: [45183.920567] audit: type=1400 audit(1575157799.125:7668): apparmor="DENIED" operation="open" profile="snap.gnome-system-monitor.gnome-system-monitor" name="/run/systemd/sessions/1" pid=7645 comm="gnome-system-mo" requested_mask="r" denied_mask="r" fsuid=1000 ouid=0
Dec  1 00:49:59 danny-ubuntu kernel: [45183.920739] audit: type=1400 audit(1575157799.125:7669): apparmor="DENIED" operation="open" profile="snap.gnome-system-monitor.gnome-system-monitor" name="/run/systemd/sessions/1" pid=7645 comm="gnome-system-mo" requested_mask="r" denied_mask="r" fsuid=1000 ouid=0
Dec  1 00:49:59 danny-ubuntu kernel: [45183.920916] audit: type=1400 audit(1575157799.125:7670): apparmor="DENIED" operation="open" profile="snap.gnome-system-monitor.gnome-system-monitor" name="/run/systemd/sessions/1" pid=7645 comm="gnome-system-mo" requested_mask="r" denied_mask="r" fsuid=1000 ouid=0
Dec  1 00:49:59 danny-ubuntu kernel: [45183.921180] audit: type=1400 audit(1575157799.129:7671): apparmor="DENIED" operation="open" profile="snap.gnome-system-monitor.gnome-system-monitor" name="/run/systemd/sessions/1" pid=7645 comm="gnome-system-mo" requested_mask="r" denied_mask="r" fsuid=1000 ouid=0
Dec  1 00:49:59 danny-ubuntu kernel: [45183.921360] audit: type=1400 audit(1575157799.129:7672): apparmor="DENIED" operation="open" profile="snap.gnome-system-monitor.gnome-system-monitor" name="/run/systemd/sessions/1" pid=7645 comm="gnome-system-mo" requested_mask="r" denied_mask="r" fsuid=1000 ouid=0
Dec  1 00:49:59 danny-ubuntu kernel: [45183.923599] audit: type=1400 audit(1575157799.129:7673): apparmor="DENIED" operation="open" profile="snap.gnome-system-monitor.gnome-system-monitor" name="/run/systemd/sessions/1" pid=7645 comm="gnome-system-mo" requested_mask="r" denied_mask="r" fsuid=1000 ouid=0
Dec  1 00:50:05 danny-ubuntu kernel: [45190.098812] kauditd_printk_skb: 206 callbacks suppressed
Dec  1 00:50:05 danny-ubuntu kernel: [45190.098814] audit: type=1400 audit(1575157805.305:7880): apparmor="DENIED" operation="open" profile="snap.gnome-system-monitor.gnome-system-monitor" name="/run/systemd/sessions/1" pid=7645 comm="gnome-system-mo" requested_mask="r" denied_mask="r" fsuid=1000 ouid=0
Dec  1 00:50:05 danny-ubuntu kernel: [45190.098972] audit: type=1400 audit(1575157805.305:7881): apparmor="DENIED" operation="open" profile="snap.gnome-system-monitor.gnome-system-monitor" name="/run/systemd/sessions/1" pid=7645 comm="gnome-system-mo" requested_mask="r" denied_mask="r" fsuid=1000 ouid=0
Dec  1 00:50:05 danny-ubuntu kernel: [45190.099310] audit: type=1400 audit(1575157805.305:7882): apparmor="DENIED" operation="open" profile="snap.gnome-system-monitor.gnome-system-monitor" name="/run/systemd/sessions/1" pid=7645 comm="gnome-system-mo" requested_mask="r" denied_mask="r" fsuid=1000 ouid=0
Dec  1 00:50:05 danny-ubuntu kernel: [45190.099463] audit: type=1400 audit(1575157805.305:7883): apparmor="DENIED" operation="open" profile="snap.gnome-system-monitor.gnome-system-monitor" name="/run/systemd/sessions/1" pid=7645 comm="gnome-system-mo" requested_mask="r" denied_mask="r" fsuid=1000 ouid=0
Dec  1 00:50:05 danny-ubuntu kernel: [45190.100423] audit: type=1400 audit(1575157805.305:7884): apparmor="DENIED" operation="open" profile="snap.gnome-system-monitor.gnome-system-monitor" name="/run/systemd/sessions/1" pid=7645 comm="gnome-system-mo" requested_mask="r" denied_mask="r" fsuid=1000 ouid=0
Dec  1 00:50:05 danny-ubuntu kernel: [45190.100593] audit: type=1400 audit(1575157805.305:7885): apparmor="DENIED" operation="open" profile="snap.gnome-system-monitor.gnome-system-monitor" name="/run/systemd/sessions/1" pid=7645 comm="gnome-system-mo" requested_mask="r" denied_mask="r" fsuid=1000 ouid=0
Dec  1 00:50:05 danny-ubuntu kernel: [45190.100767] audit: type=1400 audit(1575157805.305:7886): apparmor="DENIED" operation="open" profile="snap.gnome-system-monitor.gnome-system-monitor" name="/run/systemd/sessions/1" pid=7645 comm="gnome-system-mo" requested_mask="r" denied_mask="r" fsuid=1000 ouid=0
Dec  1 00:50:05 danny-ubuntu kernel: [45190.101036] audit: type=1400 audit(1575157805.305:7887): apparmor="DENIED" operation="open" profile="snap.gnome-system-monitor.gnome-system-monitor" name="/run/systemd/sessions/1" pid=7645 comm="gnome-system-mo" requested_mask="r" denied_mask="r" fsuid=1000 ouid=0
Dec  1 00:50:05 danny-ubuntu kernel: [45190.101204] audit: type=1400 audit(1575157805.309:7888): apparmor="DENIED" operation="open" profile="snap.gnome-system-monitor.gnome-system-monitor" name="/run/systemd/sessions/1" pid=7645 comm="gnome-system-mo" requested_mask="r" denied_mask="r" fsuid=1000 ouid=0
Dec  1 00:50:05 danny-ubuntu kernel: [45190.103430] audit: type=1400 audit(1575157805.309:7889): apparmor="DENIED" operation="open" profile="snap.gnome-system-monitor.gnome-system-monitor" name="/run/systemd/sessions/1" pid=7645 comm="gnome-system-mo" requested_mask="r" denied_mask="r" fsuid=1000 ouid=0
Dec  1 00:50:11 danny-ubuntu kernel: [45196.431003] kauditd_printk_skb: 205 callbacks suppressed
Dec  1 00:50:11 danny-ubuntu kernel: [45196.431005] audit: type=1400 audit(1575157811.637:8095): apparmor="DENIED" operation="open" profile="snap.gnome-system-monitor.gnome-system-monitor" name="/run/systemd/sessions/1" pid=7645 comm="gnome-system-mo" requested_mask="r" denied_mask="r" fsuid=1000 ouid=0
Dec  1 00:50:11 danny-ubuntu kernel: [45196.431178] audit: type=1400 audit(1575157811.637:8096): apparmor="DENIED" operation="open" profile="snap.gnome-system-monitor.gnome-system-monitor" name="/run/systemd/sessions/1" pid=7645 comm="gnome-system-mo" requested_mask="r" denied_mask="r" fsuid=1000 ouid=0
Dec  1 00:50:11 danny-ubuntu kernel: [45196.431505] audit: type=1400 audit(1575157811.637:8097): apparmor="DENIED" operation="open" profile="snap.gnome-system-monitor.gnome-system-monitor" name="/run/systemd/sessions/1" pid=7645 comm="gnome-system-mo" requested_mask="r" denied_mask="r" fsuid=1000 ouid=0
Dec  1 00:50:11 danny-ubuntu kernel: [45196.431670] audit: type=1400 audit(1575157811.637:8098): apparmor="DENIED" operation="open" profile="snap.gnome-system-monitor.gnome-system-monitor" name="/run/systemd/sessions/1" pid=7645 comm="gnome-system-mo" requested_mask="r" denied_mask="r" fsuid=1000 ouid=0
Dec  1 00:50:11 danny-ubuntu kernel: [45196.432637] audit: type=1400 audit(1575157811.637:8099): apparmor="DENIED" operation="open" profile="snap.gnome-system-monitor.gnome-system-monitor" name="/run/systemd/sessions/1" pid=7645 comm="gnome-system-mo" requested_mask="r" denied_mask="r" fsuid=1000 ouid=0
Dec  1 00:50:11 danny-ubuntu kernel: [45196.432807] audit: type=1400 audit(1575157811.637:8100): apparmor="DENIED" operation="open" profile="snap.gnome-system-monitor.gnome-system-monitor" name="/run/systemd/sessions/1" pid=7645 comm="gnome-system-mo" requested_mask="r" denied_mask="r" fsuid=1000 ouid=0
Dec  1 00:50:11 danny-ubuntu kernel: [45196.433111] audit: type=1400 audit(1575157811.641:8101): apparmor="DENIED" operation="open" profile="snap.gnome-system-monitor.gnome-system-monitor" name="/run/systemd/sessions/1" pid=7645 comm="gnome-system-mo" requested_mask="r" denied_mask="r" fsuid=1000 ouid=0
Dec  1 00:50:11 danny-ubuntu kernel: [45196.433224] audit: type=1400 audit(1575157811.641:8102): apparmor="DENIED" operation="open" profile="snap.gnome-system-monitor.gnome-system-monitor" name="/run/systemd/sessions/1" pid=7645 comm="gnome-system-mo" requested_mask="r" denied_mask="r" fsuid=1000 ouid=0
Dec  1 00:50:11 danny-ubuntu kernel: [45196.433395] audit: type=1400 audit(1575157811.641:8103): apparmor="DENIED" operation="open" profile="snap.gnome-system-monitor.gnome-system-monitor" name="/run/systemd/sessions/1" pid=7645 comm="gnome-system-mo" requested_mask="r" denied_mask="r" fsuid=1000 ouid=0
Dec  1 00:50:11 danny-ubuntu kernel: [45196.435606] audit: type=1400 audit(1575157811.641:8104): apparmor="DENIED" operation="open" profile="snap.gnome-system-monitor.gnome-system-monitor" name="/run/systemd/sessions/1" pid=7645 comm="gnome-system-mo" requested_mask="r" denied_mask="r" fsuid=1000 ouid=0
Dec  1 00:50:17 danny-ubuntu kernel: [45202.386812] kauditd_printk_skb: 202 callbacks suppressed
Dec  1 00:50:17 danny-ubuntu kernel: [45202.386813] audit: type=1400 audit(1575157817.593:8307): apparmor="DENIED" operation="open" profile="snap.gnome-system-monitor.gnome-system-monitor" name="/run/systemd/sessions/1" pid=7645 comm="gnome-system-mo" requested_mask="r" denied_mask="r" fsuid=1000 ouid=0
Dec  1 00:50:17 danny-ubuntu kernel: [45202.386998] audit: type=1400 audit(1575157817.593:8308): apparmor="DENIED" operation="open" profile="snap.gnome-system-monitor.gnome-system-monitor" name="/run/systemd/sessions/1" pid=7645 comm="gnome-system-mo" requested_mask="r" denied_mask="r" fsuid=1000 ouid=0
Dec  1 00:50:17 danny-ubuntu kernel: [45202.387330] audit: type=1400 audit(1575157817.593:8309): apparmor="DENIED" operation="open" profile="snap.gnome-system-monitor.gnome-system-monitor" name="/run/systemd/sessions/1" pid=7645 comm="gnome-system-mo" requested_mask="r" denied_mask="r" fsuid=1000 ouid=0
Dec  1 00:50:17 danny-ubuntu kernel: [45202.387482] audit: type=1400 audit(1575157817.593:8310): apparmor="DENIED" operation="open" profile="snap.gnome-system-monitor.gnome-system-monitor" name="/run/systemd/sessions/1" pid=7645 comm="gnome-system-mo" requested_mask="r" denied_mask="r" fsuid=1000 ouid=0
Dec  1 00:50:17 danny-ubuntu kernel: [45202.388452] audit: type=1400 audit(1575157817.593:8311): apparmor="DENIED" operation="open" profile="snap.gnome-system-monitor.gnome-system-monitor" name="/run/systemd/sessions/1" pid=7645 comm="gnome-system-mo" requested_mask="r" denied_mask="r" fsuid=1000 ouid=0
Dec  1 00:50:17 danny-ubuntu kernel: [45202.388623] audit: type=1400 audit(1575157817.593:8312): apparmor="DENIED" operation="open" profile="snap.gnome-system-monitor.gnome-system-monitor" name="/run/systemd/sessions/1" pid=7645 comm="gnome-system-mo" requested_mask="r" denied_mask="r" fsuid=1000 ouid=0
Dec  1 00:50:17 danny-ubuntu kernel: [45202.388871] audit: type=1400 audit(1575157817.597:8313): apparmor="DENIED" operation="open" profile="snap.gnome-system-monitor.gnome-system-monitor" name="/run/systemd/sessions/1" pid=7645 comm="gnome-system-mo" requested_mask="r" denied_mask="r" fsuid=1000 ouid=0
Dec  1 00:50:17 danny-ubuntu kernel: [45202.389034] audit: type=1400 audit(1575157817.597:8314): apparmor="DENIED" operation="open" profile="snap.gnome-system-monitor.gnome-system-monitor" name="/run/systemd/sessions/1" pid=7645 comm="gnome-system-mo" requested_mask="r" denied_mask="r" fsuid=1000 ouid=0
Dec  1 00:50:17 danny-ubuntu kernel: [45202.389258] audit: type=1400 audit(1575157817.597:8315): apparmor="DENIED" operation="open" profile="snap.gnome-system-monitor.gnome-system-monitor" name="/run/systemd/sessions/1" pid=7645 comm="gnome-system-mo" requested_mask="r" denied_mask="r" fsuid=1000 ouid=0
Dec  1 00:50:17 danny-ubuntu kernel: [45202.391610] audit: type=1400 audit(1575157817.597:8316): apparmor="DENIED" operation="open" profile="snap.gnome-system-monitor.gnome-system-monitor" name="/run/systemd/sessions/1" pid=7645 comm="gnome-system-mo" requested_mask="r" denied_mask="r" fsuid=1000 ouid=0
Dec  1 00:50:23 danny-ubuntu kernel: [45208.639790] kauditd_printk_skb: 270 callbacks suppressed
Dec  1 00:50:23 danny-ubuntu kernel: [45208.639792] audit: type=1400 audit(1575157823.845:8587): apparmor="DENIED" operation="open" profile="snap.gnome-system-monitor.gnome-system-monitor" name="/run/systemd/sessions/1" pid=7645 comm="gnome-system-mo" requested_mask="r" denied_mask="r" fsuid=1000 ouid=0
Dec  1 00:50:23 danny-ubuntu kernel: [45208.639953] audit: type=1400 audit(1575157823.845:8588): apparmor="DENIED" operation="open" profile="snap.gnome-system-monitor.gnome-system-monitor" name="/run/systemd/sessions/1" pid=7645 comm="gnome-system-mo" requested_mask="r" denied_mask="r" fsuid=1000 ouid=0
Dec  1 00:50:23 danny-ubuntu kernel: [45208.640291] audit: type=1400 audit(1575157823.845:8589): apparmor="DENIED" operation="open" profile="snap.gnome-system-monitor.gnome-system-monitor" name="/run/systemd/sessions/1" pid=7645 comm="gnome-system-mo" requested_mask="r" denied_mask="r" fsuid=1000 ouid=0
Dec  1 00:50:23 danny-ubuntu kernel: [45208.640449] audit: type=1400 audit(1575157823.845:8590): apparmor="DENIED" operation="open" profile="snap.gnome-system-monitor.gnome-system-monitor" name="/run/systemd/sessions/1" pid=7645 comm="gnome-system-mo" requested_mask="r" denied_mask="r" fsuid=1000 ouid=0
Dec  1 00:50:23 danny-ubuntu kernel: [45208.641521] audit: type=1400 audit(1575157823.849:8591): apparmor="DENIED" operation="open" profile="snap.gnome-system-monitor.gnome-system-monitor" name="/run/systemd/sessions/1" pid=7645 comm="gnome-system-mo" requested_mask="r" denied_mask="r" fsuid=1000 ouid=0
Dec  1 00:50:23 danny-ubuntu kernel: [45208.641686] audit: type=1400 audit(1575157823.849:8592): apparmor="DENIED" operation="open" profile="snap.gnome-system-monitor.gnome-system-monitor" name="/run/systemd/sessions/1" pid=7645 comm="gnome-system-mo" requested_mask="r" denied_mask="r" fsuid=1000 ouid=0
Dec  1 00:50:23 danny-ubuntu kernel: [45208.641860] audit: type=1400 audit(1575157823.849:8593): apparmor="DENIED" operation="open" profile="snap.gnome-system-monitor.gnome-system-monitor" name="/run/systemd/sessions/1" pid=7645 comm="gnome-system-mo" requested_mask="r" denied_mask="r" fsuid=1000 ouid=0
Dec  1 00:50:23 danny-ubuntu kernel: [45208.642028] audit: type=1400 audit(1575157823.849:8594): apparmor="DENIED" operation="open" profile="snap.gnome-system-monitor.gnome-system-monitor" name="/run/systemd/sessions/1" pid=7645 comm="gnome-system-mo" requested_mask="r" denied_mask="r" fsuid=1000 ouid=0
Dec  1 00:50:23 danny-ubuntu kernel: [45208.642198] audit: type=1400 audit(1575157823.849:8595): apparmor="DENIED" operation="open" profile="snap.gnome-system-monitor.gnome-system-monitor" name="/run/systemd/sessions/1" pid=7645 comm="gnome-system-mo" requested_mask="r" denied_mask="r" fsuid=1000 ouid=0
Dec  1 00:50:23 danny-ubuntu kernel: [45208.644398] audit: type=1400 audit(1575157823.849:8596): apparmor="DENIED" operation="open" profile="snap.gnome-system-monitor.gnome-system-monitor" name="/run/systemd/sessions/1" pid=7645 comm="gnome-system-mo" requested_mask="r" denied_mask="r" fsuid=1000 ouid=0
Dec  1 00:50:30 danny-ubuntu kernel: [45214.789760] kauditd_printk_skb: 265 callbacks suppressed
Dec  1 00:50:30 danny-ubuntu kernel: [45214.789761] audit: type=1400 audit(1575157829.997:8862): apparmor="DENIED" operation="open" profile="snap.gnome-system-monitor.gnome-system-monitor" name="/run/systemd/sessions/1" pid=7645 comm="gnome-system-mo" requested_mask="r" denied_mask="r" fsuid=1000 ouid=0
Dec  1 00:50:30 danny-ubuntu kernel: [45214.789921] audit: type=1400 audit(1575157829.997:8863): apparmor="DENIED" operation="open" profile="snap.gnome-system-monitor.gnome-system-monitor" name="/run/systemd/sessions/1" pid=7645 comm="gnome-system-mo" requested_mask="r" denied_mask="r" fsuid=1000 ouid=0
Dec  1 00:50:30 danny-ubuntu kernel: [45214.790266] audit: type=1400 audit(1575157829.997:8864): apparmor="DENIED" operation="open" profile="snap.gnome-system-monitor.gnome-system-monitor" name="/run/systemd/sessions/1" pid=7645 comm="gnome-system-mo" requested_mask="r" denied_mask="r" fsuid=1000 ouid=0
Dec  1 00:50:30 danny-ubuntu kernel: [45214.790416] audit: type=1400 audit(1575157829.997:8865): apparmor="DENIED" operation="open" profile="snap.gnome-system-monitor.gnome-system-monitor" name="/run/systemd/sessions/1" pid=7645 comm="gnome-system-mo" requested_mask="r" denied_mask="r" fsuid=1000 ouid=0
Dec  1 00:50:30 danny-ubuntu kernel: [45214.791394] audit: type=1400 audit(1575157829.997:8866): apparmor="DENIED" operation="open" profile="snap.gnome-system-monitor.gnome-system-monitor" name="/run/systemd/sessions/1" pid=7645 comm="gnome-system-mo" requested_mask="r" denied_mask="r" fsuid=1000 ouid=0
Dec  1 00:50:30 danny-ubuntu kernel: [45214.791560] audit: type=1400 audit(1575157829.997:8867): apparmor="DENIED" operation="open" profile="snap.gnome-system-monitor.gnome-system-monitor" name="/run/systemd/sessions/1" pid=7645 comm="gnome-system-mo" requested_mask="r" denied_mask="r" fsuid=1000 ouid=0
Dec  1 00:50:30 danny-ubuntu kernel: [45214.791742] audit: type=1400 audit(1575157829.997:8868): apparmor="DENIED" operation="open" profile="snap.gnome-system-monitor.gnome-system-monitor" name="/run/systemd/sessions/1" pid=7645 comm="gnome-system-mo" requested_mask="r" denied_mask="r" fsuid=1000 ouid=0
Dec  1 00:50:30 danny-ubuntu kernel: [45214.791959] audit: type=1400 audit(1575157829.997:8869): apparmor="DENIED" operation="open" profile="snap.gnome-system-monitor.gnome-system-monitor" name="/run/systemd/sessions/1" pid=7645 comm="gnome-system-mo" requested_mask="r" denied_mask="r" fsuid=1000 ouid=0
Dec  1 00:50:30 danny-ubuntu kernel: [45214.792129] audit: type=1400 audit(1575157829.997:8870): apparmor="DENIED" operation="open" profile="snap.gnome-system-monitor.gnome-system-monitor" name="/run/systemd/sessions/1" pid=7645 comm="gnome-system-mo" requested_mask="r" denied_mask="r" fsuid=1000 ouid=0
Dec  1 00:50:30 danny-ubuntu kernel: [45214.794412] audit: type=1400 audit(1575157830.001:8871): apparmor="DENIED" operation="open" profile="snap.gnome-system-monitor.gnome-system-monitor" name="/run/systemd/sessions/1" pid=7645 comm="gnome-system-mo" requested_mask="r" denied_mask="r" fsuid=1000 ouid=0
Dec  1 00:50:36 danny-ubuntu kernel: [45220.908011] kauditd_printk_skb: 194 callbacks suppressed
Dec  1 00:50:36 danny-ubuntu kernel: [45220.908012] audit: type=1400 audit(1575157836.113:9066): apparmor="DENIED" operation="open" profile="snap.gnome-system-monitor.gnome-system-monitor" name="/run/systemd/sessions/1" pid=7645 comm="gnome-system-mo" requested_mask="r" denied_mask="r" fsuid=1000 ouid=0
Dec  1 00:50:36 danny-ubuntu kernel: [45220.908175] audit: type=1400 audit(1575157836.113:9067): apparmor="DENIED" operation="open" profile="snap.gnome-system-monitor.gnome-system-monitor" name="/run/systemd/sessions/1" pid=7645 comm="gnome-system-mo" requested_mask="r" denied_mask="r" fsuid=1000 ouid=0
Dec  1 00:50:36 danny-ubuntu kernel: [45220.908608] audit: type=1400 audit(1575157836.117:9068): apparmor="DENIED" operation="open" profile="snap.gnome-system-monitor.gnome-system-monitor" name="/run/systemd/sessions/1" pid=7645 comm="gnome-system-mo" requested_mask="r" denied_mask="r" fsuid=1000 ouid=0
Dec  1 00:50:36 danny-ubuntu kernel: [45220.908773] audit: type=1400 audit(1575157836.117:9069): apparmor="DENIED" operation="open" profile="snap.gnome-system-monitor.gnome-system-monitor" name="/run/systemd/sessions/1" pid=7645 comm="gnome-system-mo" requested_mask="r" denied_mask="r" fsuid=1000 ouid=0
Dec  1 00:50:36 danny-ubuntu kernel: [45220.909772] audit: type=1400 audit(1575157836.117:9070): apparmor="DENIED" operation="open" profile="snap.gnome-system-monitor.gnome-system-monitor" name="/run/systemd/sessions/1" pid=7645 comm="gnome-system-mo" requested_mask="r" denied_mask="r" fsuid=1000 ouid=0
Dec  1 00:50:36 danny-ubuntu kernel: [45220.909943] audit: type=1400 audit(1575157836.117:9071): apparmor="DENIED" operation="open" profile="snap.gnome-system-monitor.gnome-system-monitor" name="/run/systemd/sessions/1" pid=7645 comm="gnome-system-mo" requested_mask="r" denied_mask="r" fsuid=1000 ouid=0
Dec  1 00:50:36 danny-ubuntu kernel: [45220.910116] audit: type=1400 audit(1575157836.117:9072): apparmor="DENIED" operation="open" profile="snap.gnome-system-monitor.gnome-system-monitor" name="/run/systemd/sessions/1" pid=7645 comm="gnome-system-mo" requested_mask="r" denied_mask="r" fsuid=1000 ouid=0
Dec  1 00:50:36 danny-ubuntu kernel: [45220.910284] audit: type=1400 audit(1575157836.117:9073): apparmor="DENIED" operation="open" profile="snap.gnome-system-monitor.gnome-system-monitor" name="/run/systemd/sessions/1" pid=7645 comm="gnome-system-mo" requested_mask="r" denied_mask="r" fsuid=1000 ouid=0
Dec  1 00:50:36 danny-ubuntu kernel: [45220.910458] audit: type=1400 audit(1575157836.117:9074): apparmor="DENIED" operation="open" profile="snap.gnome-system-monitor.gnome-system-monitor" name="/run/systemd/sessions/1" pid=7645 comm="gnome-system-mo" requested_mask="r" denied_mask="r" fsuid=1000 ouid=0
Dec  1 00:50:36 danny-ubuntu kernel: [45220.912696] audit: type=1400 audit(1575157836.121:9075): apparmor="DENIED" operation="open" profile="snap.gnome-system-monitor.gnome-system-monitor" name="/run/systemd/sessions/1" pid=7645 comm="gnome-system-mo" requested_mask="r" denied_mask="r" fsuid=1000 ouid=0
Dec  1 00:50:42 danny-ubuntu kernel: [45226.972689] kauditd_printk_skb: 194 callbacks suppressed
Dec  1 00:50:42 danny-ubuntu kernel: [45226.972690] audit: type=1400 audit(1575157842.182:9270): apparmor="DENIED" operation="open" profile="snap.gnome-system-monitor.gnome-system-monitor" name="/run/systemd/sessions/1" pid=7645 comm="gnome-system-mo" requested_mask="r" denied_mask="r" fsuid=1000 ouid=0
Dec  1 00:50:42 danny-ubuntu kernel: [45226.972853] audit: type=1400 audit(1575157842.182:9271): apparmor="DENIED" operation="open" profile="snap.gnome-system-monitor.gnome-system-monitor" name="/run/systemd/sessions/1" pid=7645 comm="gnome-system-mo" requested_mask="r" denied_mask="r" fsuid=1000 ouid=0
Dec  1 00:50:42 danny-ubuntu kernel: [45226.973194] audit: type=1400 audit(1575157842.182:9272): apparmor="DENIED" operation="open" profile="snap.gnome-system-monitor.gnome-system-monitor" name="/run/systemd/sessions/1" pid=7645 comm="gnome-system-mo" requested_mask="r" denied_mask="r" fsuid=1000 ouid=0
Dec  1 00:50:42 danny-ubuntu kernel: [45226.973352] audit: type=1400 audit(1575157842.182:9273): apparmor="DENIED" operation="open" profile="snap.gnome-system-monitor.gnome-system-monitor" name="/run/systemd/sessions/1" pid=7645 comm="gnome-system-mo" requested_mask="r" denied_mask="r" fsuid=1000 ouid=0
Dec  1 00:50:42 danny-ubuntu kernel: [45226.974316] audit: type=1400 audit(1575157842.182:9274): apparmor="DENIED" operation="open" profile="snap.gnome-system-monitor.gnome-system-monitor" name="/run/systemd/sessions/1" pid=7645 comm="gnome-system-mo" requested_mask="r" denied_mask="r" fsuid=1000 ouid=0
Dec  1 00:50:42 danny-ubuntu kernel: [45226.974552] audit: type=1400 audit(1575157842.182:9275): apparmor="DENIED" operation="open" profile="snap.gnome-system-monitor.gnome-system-monitor" name="/run/systemd/sessions/1" pid=7645 comm="gnome-system-mo" requested_mask="r" denied_mask="r" fsuid=1000 ouid=0
Dec  1 00:50:42 danny-ubuntu kernel: [45226.974633] audit: type=1400 audit(1575157842.182:9276): apparmor="DENIED" operation="open" profile="snap.gnome-system-monitor.gnome-system-monitor" name="/run/systemd/sessions/1" pid=7645 comm="gnome-system-mo" requested_mask="r" denied_mask="r" fsuid=1000 ouid=0
Dec  1 00:50:42 danny-ubuntu kernel: [45226.974832] audit: type=1400 audit(1575157842.182:9277): apparmor="DENIED" operation="open" profile="snap.gnome-system-monitor.gnome-system-monitor" name="/run/systemd/sessions/1" pid=7645 comm="gnome-system-mo" requested_mask="r" denied_mask="r" fsuid=1000 ouid=0
Dec  1 00:50:42 danny-ubuntu kernel: [45226.975002] audit: type=1400 audit(1575157842.182:9278): apparmor="DENIED" operation="open" profile="snap.gnome-system-monitor.gnome-system-monitor" name="/run/systemd/sessions/1" pid=7645 comm="gnome-system-mo" requested_mask="r" denied_mask="r" fsuid=1000 ouid=0
Dec  1 00:50:42 danny-ubuntu kernel: [45226.977293] audit: type=1400 audit(1575157842.186:9279): apparmor="DENIED" operation="open" profile="snap.gnome-system-monitor.gnome-system-monitor" name="/run/systemd/sessions/1" pid=7645 comm="gnome-system-mo" requested_mask="r" denied_mask="r" fsuid=1000 ouid=0
Dec  1 00:50:48 danny-ubuntu kernel: [45232.985929] kauditd_printk_skb: 194 callbacks suppressed
Dec  1 00:50:48 danny-ubuntu kernel: [45232.985931] audit: type=1400 audit(1575157848.194:9474): apparmor="DENIED" operation="open" profile="snap.gnome-system-monitor.gnome-system-monitor" name="/run/systemd/sessions/1" pid=7645 comm="gnome-system-mo" requested_mask="r" denied_mask="r" fsuid=1000 ouid=0
Dec  1 00:50:48 danny-ubuntu kernel: [45232.986090] audit: type=1400 audit(1575157848.194:9475): apparmor="DENIED" operation="open" profile="snap.gnome-system-monitor.gnome-system-monitor" name="/run/systemd/sessions/1" pid=7645 comm="gnome-system-mo" requested_mask="r" denied_mask="r" fsuid=1000 ouid=0
Dec  1 00:50:48 danny-ubuntu kernel: [45232.986433] audit: type=1400 audit(1575157848.194:9476): apparmor="DENIED" operation="open" profile="snap.gnome-system-monitor.gnome-system-monitor" name="/run/systemd/sessions/1" pid=7645 comm="gnome-system-mo" requested_mask="r" denied_mask="r" fsuid=1000 ouid=0
Dec  1 00:50:48 danny-ubuntu kernel: [45232.986573] audit: type=1400 audit(1575157848.194:9477): apparmor="DENIED" operation="open" profile="snap.gnome-system-monitor.gnome-system-monitor" name="/run/systemd/sessions/1" pid=7645 comm="gnome-system-mo" requested_mask="r" denied_mask="r" fsuid=1000 ouid=0
Dec  1 00:50:48 danny-ubuntu kernel: [45232.987560] audit: type=1400 audit(1575157848.194:9478): apparmor="DENIED" operation="open" profile="snap.gnome-system-monitor.gnome-system-monitor" name="/run/systemd/sessions/1" pid=7645 comm="gnome-system-mo" requested_mask="r" denied_mask="r" fsuid=1000 ouid=0
Dec  1 00:50:48 danny-ubuntu kernel: [45232.987729] audit: type=1400 audit(1575157848.194:9479): apparmor="DENIED" operation="open" profile="snap.gnome-system-monitor.gnome-system-monitor" name="/run/systemd/sessions/1" pid=7645 comm="gnome-system-mo" requested_mask="r" denied_mask="r" fsuid=1000 ouid=0
Dec  1 00:50:48 danny-ubuntu kernel: [45232.987909] audit: type=1400 audit(1575157848.194:9480): apparmor="DENIED" operation="open" profile="snap.gnome-system-monitor.gnome-system-monitor" name="/run/systemd/sessions/1" pid=7645 comm="gnome-system-mo" requested_mask="r" denied_mask="r" fsuid=1000 ouid=0
Dec  1 00:50:48 danny-ubuntu kernel: [45232.988082] audit: type=1400 audit(1575157848.194:9481): apparmor="DENIED" operation="open" profile="snap.gnome-system-monitor.gnome-system-monitor" name="/run/systemd/sessions/1" pid=7645 comm="gnome-system-mo" requested_mask="r" denied_mask="r" fsuid=1000 ouid=0
Dec  1 00:50:48 danny-ubuntu kernel: [45232.988253] audit: type=1400 audit(1575157848.194:9482): apparmor="DENIED" operation="open" profile="snap.gnome-system-monitor.gnome-system-monitor" name="/run/systemd/sessions/1" pid=7645 comm="gnome-system-mo" requested_mask="r" denied_mask="r" fsuid=1000 ouid=0
Dec  1 00:50:48 danny-ubuntu kernel: [45232.990490] audit: type=1400 audit(1575157848.198:9483): apparmor="DENIED" operation="open" profile="snap.gnome-system-monitor.gnome-system-monitor" name="/run/systemd/sessions/1" pid=7645 comm="gnome-system-mo" requested_mask="r" denied_mask="r" fsuid=1000 ouid=0
Dec  1 00:50:54 danny-ubuntu kernel: [45239.008284] kauditd_printk_skb: 194 callbacks suppressed
Dec  1 00:50:54 danny-ubuntu kernel: [45239.008285] audit: type=1400 audit(1575157854.214:9678): apparmor="DENIED" operation="open" profile="snap.gnome-system-monitor.gnome-system-monitor" name="/run/systemd/sessions/1" pid=7645 comm="gnome-system-mo" requested_mask="r" denied_mask="r" fsuid=1000 ouid=0
Dec  1 00:50:54 danny-ubuntu kernel: [45239.008450] audit: type=1400 audit(1575157854.218:9679): apparmor="DENIED" operation="open" profile="snap.gnome-system-monitor.gnome-system-monitor" name="/run/systemd/sessions/1" pid=7645 comm="gnome-system-mo" requested_mask="r" denied_mask="r" fsuid=1000 ouid=0
Dec  1 00:50:54 danny-ubuntu kernel: [45239.008786] audit: type=1400 audit(1575157854.218:9680): apparmor="DENIED" operation="open" profile="snap.gnome-system-monitor.gnome-system-monitor" name="/run/systemd/sessions/1" pid=7645 comm="gnome-system-mo" requested_mask="r" denied_mask="r" fsuid=1000 ouid=0
Dec  1 00:50:54 danny-ubuntu kernel: [45239.008944] audit: type=1400 audit(1575157854.218:9681): apparmor="DENIED" operation="open" profile="snap.gnome-system-monitor.gnome-system-monitor" name="/run/systemd/sessions/1" pid=7645 comm="gnome-system-mo" requested_mask="r" denied_mask="r" fsuid=1000 ouid=0
Dec  1 00:50:54 danny-ubuntu kernel: [45239.009926] audit: type=1400 audit(1575157854.218:9682): apparmor="DENIED" operation="open" profile="snap.gnome-system-monitor.gnome-system-monitor" name="/run/systemd/sessions/1" pid=7645 comm="gnome-system-mo" requested_mask="r" denied_mask="r" fsuid=1000 ouid=0
Dec  1 00:50:54 danny-ubuntu kernel: [45239.010086] audit: type=1400 audit(1575157854.218:9683): apparmor="DENIED" operation="open" profile="snap.gnome-system-monitor.gnome-system-monitor" name="/run/systemd/sessions/1" pid=7645 comm="gnome-system-mo" requested_mask="r" denied_mask="r" fsuid=1000 ouid=0
Dec  1 00:50:54 danny-ubuntu kernel: [45239.010265] audit: type=1400 audit(1575157854.218:9684): apparmor="DENIED" operation="open" profile="snap.gnome-system-monitor.gnome-system-monitor" name="/run/systemd/sessions/1" pid=7645 comm="gnome-system-mo" requested_mask="r" denied_mask="r" fsuid=1000 ouid=0
Dec  1 00:50:54 danny-ubuntu kernel: [45239.010434] audit: type=1400 audit(1575157854.218:9685): apparmor="DENIED" operation="open" profile="snap.gnome-system-monitor.gnome-system-monitor" name="/run/systemd/sessions/1" pid=7645 comm="gnome-system-mo" requested_mask="r" denied_mask="r" fsuid=1000 ouid=0
Dec  1 00:50:54 danny-ubuntu kernel: [45239.010607] audit: type=1400 audit(1575157854.218:9686): apparmor="DENIED" operation="open" profile="snap.gnome-system-monitor.gnome-system-monitor" name="/run/systemd/sessions/1" pid=7645 comm="gnome-system-mo" requested_mask="r" denied_mask="r" fsuid=1000 ouid=0
Dec  1 00:50:54 danny-ubuntu kernel: [45239.012877] audit: type=1400 audit(1575157854.222:9687): apparmor="DENIED" operation="open" profile="snap.gnome-system-monitor.gnome-system-monitor" name="/run/systemd/sessions/1" pid=7645 comm="gnome-system-mo" requested_mask="r" denied_mask="r" fsuid=1000 ouid=0
Dec  1 00:51:00 danny-ubuntu kernel: [45245.340419] kauditd_printk_skb: 261 callbacks suppressed
Dec  1 00:51:00 danny-ubuntu kernel: [45245.340421] audit: type=1400 audit(1575157860.550:9949): apparmor="DENIED" operation="open" profile="snap.gnome-system-monitor.gnome-system-monitor" name="/run/systemd/sessions/1" pid=7645 comm="gnome-system-mo" requested_mask="r" denied_mask="r" fsuid=1000 ouid=0
Dec  1 00:51:00 danny-ubuntu kernel: [45245.340589] audit: type=1400 audit(1575157860.550:9950): apparmor="DENIED" operation="open" profile="snap.gnome-system-monitor.gnome-system-monitor" name="/run/systemd/sessions/1" pid=7645 comm="gnome-system-mo" requested_mask="r" denied_mask="r" fsuid=1000 ouid=0
Dec  1 00:51:00 danny-ubuntu kernel: [45245.340934] audit: type=1400 audit(1575157860.550:9951): apparmor="DENIED" operation="open" profile="snap.gnome-system-monitor.gnome-system-monitor" name="/run/systemd/sessions/1" pid=7645 comm="gnome-system-mo" requested_mask="r" denied_mask="r" fsuid=1000 ouid=0
Dec  1 00:51:00 danny-ubuntu kernel: [45245.341079] audit: type=1400 audit(1575157860.550:9952): apparmor="DENIED" operation="open" profile="snap.gnome-system-monitor.gnome-system-monitor" name="/run/systemd/sessions/1" pid=7645 comm="gnome-system-mo" requested_mask="r" denied_mask="r" fsuid=1000 ouid=0
Dec  1 00:51:00 danny-ubuntu kernel: [45245.342052] audit: type=1400 audit(1575157860.550:9953): apparmor="DENIED" operation="open" profile="snap.gnome-system-monitor.gnome-system-monitor" name="/run/systemd/sessions/1" pid=7645 comm="gnome-system-mo" requested_mask="r" denied_mask="r" fsuid=1000 ouid=0
Dec  1 00:51:00 danny-ubuntu kernel: [45245.342224] audit: type=1400 audit(1575157860.550:9954): apparmor="DENIED" operation="open" profile="snap.gnome-system-monitor.gnome-system-monitor" name="/run/systemd/sessions/1" pid=7645 comm="gnome-system-mo" requested_mask="r" denied_mask="r" fsuid=1000 ouid=0
Dec  1 00:51:00 danny-ubuntu kernel: [45245.342399] audit: type=1400 audit(1575157860.550:9955): apparmor="DENIED" operation="open" profile="snap.gnome-system-monitor.gnome-system-monitor" name="/run/systemd/sessions/1" pid=7645 comm="gnome-system-mo" requested_mask="r" denied_mask="r" fsuid=1000 ouid=0
Dec  1 00:51:00 danny-ubuntu kernel: [45245.342570] audit: type=1400 audit(1575157860.550:9956): apparmor="DENIED" operation="open" profile="snap.gnome-system-monitor.gnome-system-monitor" name="/run/systemd/sessions/1" pid=7645 comm="gnome-system-mo" requested_mask="r" denied_mask="r" fsuid=1000 ouid=0
Dec  1 00:51:00 danny-ubuntu kernel: [45245.342753] audit: type=1400 audit(1575157860.550:9957): apparmor="DENIED" operation="open" profile="snap.gnome-system-monitor.gnome-system-monitor" name="/run/systemd/sessions/1" pid=7645 comm="gnome-system-mo" requested_mask="r" denied_mask="r" fsuid=1000 ouid=0
Dec  1 00:51:00 danny-ubuntu kernel: [45245.345063] audit: type=1400 audit(1575157860.554:9958): apparmor="DENIED" operation="open" profile="snap.gnome-system-monitor.gnome-system-monitor" name="/run/systemd/sessions/1" pid=7645 comm="gnome-system-mo" requested_mask="r" denied_mask="r" fsuid=1000 ouid=0
Dec  1 00:51:06 danny-ubuntu kernel: [45251.528859] kauditd_printk_skb: 189 callbacks suppressed
Dec  1 00:51:06 danny-ubuntu kernel: [45251.528861] audit: type=1400 audit(1575157866.738:10148): apparmor="DENIED" operation="open" profile="snap.gnome-system-monitor.gnome-system-monitor" name="/run/systemd/sessions/1" pid=7645 comm="gnome-system-mo" requested_mask="r" denied_mask="r" fsuid=1000 ouid=0
Dec  1 00:51:06 danny-ubuntu kernel: [45251.529020] audit: type=1400 audit(1575157866.738:10149): apparmor="DENIED" operation="open" profile="snap.gnome-system-monitor.gnome-system-monitor" name="/run/systemd/sessions/1" pid=7645 comm="gnome-system-mo" requested_mask="r" denied_mask="r" fsuid=1000 ouid=0
Dec  1 00:51:06 danny-ubuntu kernel: [45251.529361] audit: type=1400 audit(1575157866.738:10150): apparmor="DENIED" operation="open" profile="snap.gnome-system-monitor.gnome-system-monitor" name="/run/systemd/sessions/1" pid=7645 comm="gnome-system-mo" requested_mask="r" denied_mask="r" fsuid=1000 ouid=0
Dec  1 00:51:06 danny-ubuntu kernel: [45251.529518] audit: type=1400 audit(1575157866.738:10151): apparmor="DENIED" operation="open" profile="snap.gnome-system-monitor.gnome-system-monitor" name="/run/systemd/sessions/1" pid=7645 comm="gnome-system-mo" requested_mask="r" denied_mask="r" fsuid=1000 ouid=0
Dec  1 00:51:06 danny-ubuntu kernel: [45251.530493] audit: type=1400 audit(1575157866.738:10152): apparmor="DENIED" operation="open" profile="snap.gnome-system-monitor.gnome-system-monitor" name="/run/systemd/sessions/1" pid=7645 comm="gnome-system-mo" requested_mask="r" denied_mask="r" fsuid=1000 ouid=0
Dec  1 00:51:06 danny-ubuntu kernel: [45251.530665] audit: type=1400 audit(1575157866.738:10153): apparmor="DENIED" operation="open" profile="snap.gnome-system-monitor.gnome-system-monitor" name="/run/systemd/sessions/1" pid=7645 comm="gnome-system-mo" requested_mask="r" denied_mask="r" fsuid=1000 ouid=0
Dec  1 00:51:06 danny-ubuntu kernel: [45251.530839] audit: type=1400 audit(1575157866.738:10154): apparmor="DENIED" operation="open" profile="snap.gnome-system-monitor.gnome-system-monitor" name="/run/systemd/sessions/1" pid=7645 comm="gnome-system-mo" requested_mask="r" denied_mask="r" fsuid=1000 ouid=0
Dec  1 00:51:06 danny-ubuntu kernel: [45251.531007] audit: type=1400 audit(1575157866.738:10155): apparmor="DENIED" operation="open" profile="snap.gnome-system-monitor.gnome-system-monitor" name="/run/systemd/sessions/1" pid=7645 comm="gnome-system-mo" requested_mask="r" denied_mask="r" fsuid=1000 ouid=0
Dec  1 00:51:06 danny-ubuntu kernel: [45251.531186] audit: type=1400 audit(1575157866.738:10156): apparmor="DENIED" operation="open" profile="snap.gnome-system-monitor.gnome-system-monitor" name="/run/systemd/sessions/1" pid=7645 comm="gnome-system-mo" requested_mask="r" denied_mask="r" fsuid=1000 ouid=0
Dec  1 00:51:06 danny-ubuntu kernel: [45251.533490] audit: type=1400 audit(1575157866.742:10157): apparmor="DENIED" operation="open" profile="snap.gnome-system-monitor.gnome-system-monitor" name="/run/systemd/sessions/1" pid=7645 comm="gnome-system-mo" requested_mask="r" denied_mask="r" fsuid=1000 ouid=0
Dec  1 00:51:12 danny-ubuntu kernel: [45257.261601] kauditd_printk_skb: 251 callbacks suppressed
Dec  1 00:51:12 danny-ubuntu kernel: [45257.261603] audit: type=1400 audit(1575157872.470:10409): apparmor="DENIED" operation="open" profile="snap.gnome-system-monitor.gnome-system-monitor" name="/run/systemd/sessions/1" pid=7645 comm="gnome-system-mo" requested_mask="r" denied_mask="r" fsuid=1000 ouid=0
Dec  1 00:51:12 danny-ubuntu kernel: [45257.261783] audit: type=1400 audit(1575157872.470:10410): apparmor="DENIED" operation="open" profile="snap.gnome-system-monitor.gnome-system-monitor" name="/run/systemd/sessions/1" pid=7645 comm="gnome-system-mo" requested_mask="r" denied_mask="r" fsuid=1000 ouid=0
Dec  1 00:51:12 danny-ubuntu kernel: [45257.262091] audit: type=1400 audit(1575157872.470:10411): apparmor="DENIED" operation="open" profile="snap.gnome-system-monitor.gnome-system-monitor" name="/run/systemd/sessions/1" pid=7645 comm="gnome-system-mo" requested_mask="r" denied_mask="r" fsuid=1000 ouid=0
Dec  1 00:51:12 danny-ubuntu kernel: [45257.262225] audit: type=1400 audit(1575157872.470:10412): apparmor="DENIED" operation="open" profile="snap.gnome-system-monitor.gnome-system-monitor" name="/run/systemd/sessions/1" pid=7645 comm="gnome-system-mo" requested_mask="r" denied_mask="r" fsuid=1000 ouid=0
Dec  1 00:51:12 danny-ubuntu kernel: [45257.263206] audit: type=1400 audit(1575157872.470:10413): apparmor="DENIED" operation="open" profile="snap.gnome-system-monitor.gnome-system-monitor" name="/run/systemd/sessions/1" pid=7645 comm="gnome-system-mo" requested_mask="r" denied_mask="r" fsuid=1000 ouid=0
Dec  1 00:51:12 danny-ubuntu kernel: [45257.263348] audit: type=1400 audit(1575157872.470:10414): apparmor="DENIED" operation="open" profile="snap.gnome-system-monitor.gnome-system-monitor" name="/run/systemd/sessions/1" pid=7645 comm="gnome-system-mo" requested_mask="r" denied_mask="r" fsuid=1000 ouid=0
Dec  1 00:51:12 danny-ubuntu kernel: [45257.263542] audit: type=1400 audit(1575157872.470:10415): apparmor="DENIED" operation="open" profile="snap.gnome-system-monitor.gnome-system-monitor" name="/run/systemd/sessions/1" pid=7645 comm="gnome-system-mo" requested_mask="r" denied_mask="r" fsuid=1000 ouid=0
Dec  1 00:51:12 danny-ubuntu kernel: [45257.263707] audit: type=1400 audit(1575157872.470:10416): apparmor="DENIED" operation="open" profile="snap.gnome-system-monitor.gnome-system-monitor" name="/run/systemd/sessions/1" pid=7645 comm="gnome-system-mo" requested_mask="r" denied_mask="r" fsuid=1000 ouid=0
Dec  1 00:51:12 danny-ubuntu kernel: [45257.263875] audit: type=1400 audit(1575157872.470:10417): apparmor="DENIED" operation="open" profile="snap.gnome-system-monitor.gnome-system-monitor" name="/run/systemd/sessions/1" pid=7645 comm="gnome-system-mo" requested_mask="r" denied_mask="r" fsuid=1000 ouid=0
Dec  1 00:51:12 danny-ubuntu kernel: [45257.266096] audit: type=1400 audit(1575157872.474:10418): apparmor="DENIED" operation="open" profile="snap.gnome-system-monitor.gnome-system-monitor" name="/run/systemd/sessions/1" pid=7645 comm="gnome-system-mo" requested_mask="r" denied_mask="r" fsuid=1000 ouid=0
Dec  1 00:51:16 danny-ubuntu kernel: [45261.058309] rfkill: input handler enabled
Dec  1 00:51:24 danny-ubuntu kernel: [45269.203778] snd_hda_codec_hdmi hdaudioC1D0: HDMI: invalid ELD data byte 19
Dec  1 01:53:02 danny-ubuntu kernel: [    0.000000] Linux version 5.0.0-36-generic (buildd@lgw01-amd64-060) (gcc version 7.4.0 (Ubuntu 7.4.0-1ubuntu1~18.04.1)) #39~18.04.1-Ubuntu SMP Tue Nov 12 11:09:50 UTC 2019 (Ubuntu 5.0.0-36.39~18.04.1-generic 5.0.21)
Dec  1 01:53:02 danny-ubuntu kernel: [    0.000000] Command line: BOOT_IMAGE=/boot/vmlinuz-5.0.0-36-generic root=UUID=f31a1d38-db2c-45ab-ab7c-3b354780309c ro quiet splash
Dec  1 01:53:02 danny-ubuntu kernel: [    0.000000] KERNEL supported cpus:
Dec  1 01:53:02 danny-ubuntu kernel: [    0.000000]   Intel GenuineIntel
Dec  1 01:53:02 danny-ubuntu kernel: [    0.000000]   AMD AuthenticAMD
Dec  1 01:53:02 danny-ubuntu kernel: [    0.000000]   Hygon HygonGenuine
Dec  1 01:53:02 danny-ubuntu kernel: [    0.000000]   Centaur CentaurHauls
Dec  1 01:53:02 danny-ubuntu kernel: [    0.000000] x86/fpu: x87 FPU will use FXSAVE
Dec  1 01:53:02 danny-ubuntu kernel: [    0.000000] BIOS-provided physical RAM map:
Dec  1 01:53:02 danny-ubuntu kernel: [    0.000000] BIOS-e820: [mem 0x0000000000000000-0x000000000009efff] usable
Dec  1 01:53:02 danny-ubuntu kernel: [    0.000000] BIOS-e820: [mem 0x000000000009f000-0x000000000009ffff] reserved
Dec  1 01:53:02 danny-ubuntu kernel: [    0.000000] BIOS-e820: [mem 0x00000000000e4000-0x00000000000fffff] reserved
Dec  1 01:53:02 danny-ubuntu kernel: [    0.000000] BIOS-e820: [mem 0x0000000000100000-0x00000000dfe7ffff] usable
Dec  1 01:53:02 danny-ubuntu kernel: [    0.000000] BIOS-e820: [mem 0x00000000dfe80000-0x00000000dfe97fff] ACPI data
Dec  1 01:53:02 danny-ubuntu kernel: [    0.000000] BIOS-e820: [mem 0x00000000dfe98000-0x00000000dfebffff] ACPI NVS
Dec  1 01:53:02 danny-ubuntu kernel: [    0.000000] BIOS-e820: [mem 0x00000000dfec0000-0x00000000dfefffff] reserved
Dec  1 01:53:02 danny-ubuntu kernel: [    0.000000] BIOS-e820: [mem 0x00000000ffe00000-0x00000000ffffffff] reserved
Dec  1 01:53:02 danny-ubuntu kernel: [    0.000000] BIOS-e820: [mem 0x0000000100000000-0x000000021fffffff] usable
Dec  1 01:53:02 danny-ubuntu kernel: [    0.000000] NX (Execute Disable) protection: active
Dec  1 01:53:02 danny-ubuntu kernel: [    0.000000] SMBIOS 2.5 present.
Dec  1 01:53:02 danny-ubuntu kernel: [    0.000000] DMI: System manufacturer System Product Name/M5A78L-M/USB3, BIOS 0801    11/30/2011
Dec  1 01:53:02 danny-ubuntu kernel: [    0.000000] tsc: Fast TSC calibration using PIT
Dec  1 01:53:02 danny-ubuntu kernel: [    0.000000] tsc: Detected 3456.252 MHz processor
Dec  1 01:53:02 danny-ubuntu kernel: [    0.005154] e820: update [mem 0x00000000-0x00000fff] usable ==> reserved
Dec  1 01:53:02 danny-ubuntu kernel: [    0.005155] e820: remove [mem 0x000a0000-0x000fffff] usable
Dec  1 01:53:02 danny-ubuntu kernel: [    0.013055] AGP: No AGP bridge found
Dec  1 01:53:02 danny-ubuntu kernel: [    0.013126] last_pfn = 0x220000 max_arch_pfn = 0x400000000
Dec  1 01:53:02 danny-ubuntu kernel: [    0.013129] MTRR default type: uncachable
Dec  1 01:53:02 danny-ubuntu kernel: [    0.013130] MTRR fixed ranges enabled:
Dec  1 01:53:02 danny-ubuntu kernel: [    0.013131]   00000-9FFFF write-back
Dec  1 01:53:02 danny-ubuntu kernel: [    0.013132]   A0000-EFFFF uncachable
Dec  1 01:53:02 danny-ubuntu kernel: [    0.013133]   F0000-FFFFF write-protect
Dec  1 01:53:02 danny-ubuntu kernel: [    0.013133] MTRR variable ranges enabled:
Dec  1 01:53:02 danny-ubuntu kernel: [    0.013134]   0 base 000000000000 mask FFFF80000000 write-back
Dec  1 01:53:02 danny-ubuntu kernel: [    0.013136]   1 base 000080000000 mask FFFFC0000000 write-back
Dec  1 01:53:02 danny-ubuntu kernel: [    0.013137]   2 base 0000C0000000 mask FFFFE0000000 write-back
Dec  1 01:53:02 danny-ubuntu kernel: [    0.013137]   3 disabled
Dec  1 01:53:02 danny-ubuntu kernel: [    0.013138]   4 disabled
Dec  1 01:53:02 danny-ubuntu kernel: [    0.013138]   5 disabled
Dec  1 01:53:02 danny-ubuntu kernel: [    0.013139]   6 disabled
Dec  1 01:53:02 danny-ubuntu kernel: [    0.013139]   7 disabled
Dec  1 01:53:02 danny-ubuntu kernel: [    0.013140] TOM2: 0000000220000000 aka 8704M
Dec  1 01:53:02 danny-ubuntu kernel: [    0.013256] x86/PAT: Configuration [0-7]: WB  WC  UC- UC  WB  WP  UC- WT  
Dec  1 01:53:02 danny-ubuntu kernel: [    0.013303] e820: update [mem 0xe0000000-0xffffffff] usable ==> reserved
Dec  1 01:53:02 danny-ubuntu kernel: [    0.013308] last_pfn = 0xdfe80 max_arch_pfn = 0x400000000
Dec  1 01:53:02 danny-ubuntu kernel: [    0.016519] found SMP MP-table at [mem 0x000ff780-0x000ff78f]
Dec  1 01:53:02 danny-ubuntu kernel: [    0.027375] check: Scanning 1 areas for low memory corruption
Dec  1 01:53:02 danny-ubuntu kernel: [    0.027379] Using GB pages for direct mapping
Dec  1 01:53:02 danny-ubuntu kernel: [    0.027380] BRK [0x4bc01000, 0x4bc01fff] PGTABLE
Dec  1 01:53:02 danny-ubuntu kernel: [    0.027382] BRK [0x4bc02000, 0x4bc02fff] PGTABLE
Dec  1 01:53:02 danny-ubuntu kernel: [    0.027383] BRK [0x4bc03000, 0x4bc03fff] PGTABLE
Dec  1 01:53:02 danny-ubuntu kernel: [    0.027408] BRK [0x4bc04000, 0x4bc04fff] PGTABLE
Dec  1 01:53:02 danny-ubuntu kernel: [    0.027410] BRK [0x4bc05000, 0x4bc05fff] PGTABLE
Dec  1 01:53:02 danny-ubuntu kernel: [    0.027554] RAMDISK: [mem 0x33211000-0x358fffff]
Dec  1 01:53:02 danny-ubuntu kernel: [    0.027564] ACPI: Early table checksum verification disabled
Dec  1 01:53:02 danny-ubuntu kernel: [    0.027856] ACPI: RSDP 0x00000000000FB490 000024 (v02 ACPIAM)
Dec  1 01:53:02 danny-ubuntu kernel: [    0.027859] ACPI: XSDT 0x00000000DFE80100 000054 (v01 113011 XSDT1723 20111130 MSFT 00000097)
Dec  1 01:53:02 danny-ubuntu kernel: [    0.027864] ACPI: FACP 0x00000000DFE80290 0000F4 (v03 113011 FACP1723 20111130 MSFT 00000097)
Dec  1 01:53:02 danny-ubuntu kernel: [    0.027868] ACPI BIOS Warning (bug): Optional FADT field Pm2ControlBlock has valid Length but zero Address: 0x0000000000000000/0x1 (20181213/tbfadt-624)
Dec  1 01:53:02 danny-ubuntu kernel: [    0.027870] ACPI BIOS Warning (bug): 32/64X length mismatch in FADT/Gpe0Block: 64/32 (20181213/tbfadt-569)
Dec  1 01:53:02 danny-ubuntu kernel: [    0.027873] ACPI: DSDT 0x00000000DFE80460 00D80F (v01 A1887  A1887001 00000001 INTL 20060113)
Dec  1 01:53:02 danny-ubuntu kernel: [    0.027876] ACPI: FACS 0x00000000DFE98000 000040
Dec  1 01:53:02 danny-ubuntu kernel: [    0.027877] ACPI: FACS 0x00000000DFE98000 000040
Dec  1 01:53:02 danny-ubuntu kernel: [    0.027879] ACPI: APIC 0x00000000DFE80390 00008C (v01 113011 APIC1723 20111130 MSFT 00000097)
Dec  1 01:53:02 danny-ubuntu kernel: [    0.027881] ACPI: MCFG 0x00000000DFE80420 00003C (v01 113011 OEMMCFG  20111130 MSFT 00000097)
Dec  1 01:53:02 danny-ubuntu kernel: [    0.027884] ACPI: OEMB 0x00000000DFE98040 000072 (v01 113011 OEMB1723 20111130 MSFT 00000097)
Dec  1 01:53:02 danny-ubuntu kernel: [    0.027886] ACPI: HPET 0x00000000DFE8F460 000038 (v01 113011 OEMHPET  20111130 MSFT 00000097)
Dec  1 01:53:02 danny-ubuntu kernel: [    0.027888] ACPI: SSDT 0x00000000DFE8F4A0 0008BC (v01 A M I  POWERNOW 00000001 AMD  00000001)
Dec  1 01:53:02 danny-ubuntu kernel: [    0.027897] ACPI: Local APIC address 0xfee00000
Dec  1 01:53:02 danny-ubuntu kernel: [    0.027972] Scanning NUMA topology in Northbridge 24
Dec  1 01:53:02 danny-ubuntu kernel: [    0.027995] No NUMA configuration found
Dec  1 01:53:02 danny-ubuntu kernel: [    0.027995] Faking a node at [mem 0x0000000000000000-0x000000021fffffff]
Dec  1 01:53:02 danny-ubuntu kernel: [    0.028002] NODE_DATA(0) allocated [mem 0x21ffd3000-0x21fffdfff]
Dec  1 01:53:02 danny-ubuntu kernel: [    0.028281] Zone ranges:
Dec  1 01:53:02 danny-ubuntu kernel: [    0.028282]   DMA      [mem 0x0000000000001000-0x0000000000ffffff]
Dec  1 01:53:02 danny-ubuntu kernel: [    0.028283]   DMA32    [mem 0x0000000001000000-0x00000000ffffffff]
Dec  1 01:53:02 danny-ubuntu kernel: [    0.028284]   Normal   [mem 0x0000000100000000-0x000000021fffffff]
Dec  1 01:53:02 danny-ubuntu kernel: [    0.028285]   Device   empty
Dec  1 01:53:02 danny-ubuntu kernel: [    0.028285] Movable zone start for each node
Dec  1 01:53:02 danny-ubuntu kernel: [    0.028289] Early memory node ranges
Dec  1 01:53:02 danny-ubuntu kernel: [    0.028289]   node   0: [mem 0x0000000000001000-0x000000000009efff]
Dec  1 01:53:02 danny-ubuntu kernel: [    0.028290]   node   0: [mem 0x0000000000100000-0x00000000dfe7ffff]
Dec  1 01:53:02 danny-ubuntu kernel: [    0.028291]   node   0: [mem 0x0000000100000000-0x000000021fffffff]
Dec  1 01:53:02 danny-ubuntu kernel: [    0.028300] Zeroed struct page in unavailable ranges: 482 pages
Dec  1 01:53:02 danny-ubuntu kernel: [    0.028301] Initmem setup node 0 [mem 0x0000000000001000-0x000000021fffffff]
Dec  1 01:53:02 danny-ubuntu kernel: [    0.028302] On node 0 totalpages: 2096670
Dec  1 01:53:02 danny-ubuntu kernel: [    0.028303]   DMA zone: 64 pages used for memmap
Dec  1 01:53:02 danny-ubuntu kernel: [    0.028303]   DMA zone: 21 pages reserved
Dec  1 01:53:02 danny-ubuntu kernel: [    0.028304]   DMA zone: 3998 pages, LIFO batch:0
Dec  1 01:53:02 danny-ubuntu kernel: [    0.028396]   DMA32 zone: 14266 pages used for memmap
Dec  1 01:53:02 danny-ubuntu kernel: [    0.028396]   DMA32 zone: 913024 pages, LIFO batch:63
Dec  1 01:53:02 danny-ubuntu kernel: [    0.050262]   Normal zone: 18432 pages used for memmap
Dec  1 01:53:02 danny-ubuntu kernel: [    0.050263]   Normal zone: 1179648 pages, LIFO batch:63
Dec  1 01:53:02 danny-ubuntu kernel: [    0.078156] ACPI: PM-Timer IO Port: 0x808
Dec  1 01:53:02 danny-ubuntu kernel: [    0.078157] ACPI: Local APIC address 0xfee00000
Dec  1 01:53:02 danny-ubuntu kernel: [    0.078170] IOAPIC[0]: apic_id 4, version 33, address 0xfec00000, GSI 0-23
Dec  1 01:53:02 danny-ubuntu kernel: [    0.078172] ACPI: INT_SRC_OVR (bus 0 bus_irq 0 global_irq 2 dfl dfl)
Dec  1 01:53:02 danny-ubuntu kernel: [    0.078174] ACPI: INT_SRC_OVR (bus 0 bus_irq 9 global_irq 9 low level)
Dec  1 01:53:02 danny-ubuntu kernel: [    0.078175] ACPI: IRQ0 used by override.
Dec  1 01:53:02 danny-ubuntu kernel: [    0.078176] ACPI: IRQ9 used by override.
Dec  1 01:53:02 danny-ubuntu kernel: [    0.078177] Using ACPI (MADT) for SMP configuration information
Dec  1 01:53:02 danny-ubuntu kernel: [    0.078178] ACPI: HPET id: 0x8300 base: 0xfed00000
Dec  1 01:53:02 danny-ubuntu kernel: [    0.078182] smpboot: Allowing 8 CPUs, 4 hotplug CPUs
Dec  1 01:53:02 danny-ubuntu kernel: [    0.078193] PM: Registered nosave memory: [mem 0x00000000-0x00000fff]
Dec  1 01:53:02 danny-ubuntu kernel: [    0.078194] PM: Registered nosave memory: [mem 0x0009f000-0x0009ffff]
Dec  1 01:53:02 danny-ubuntu kernel: [    0.078195] PM: Registered nosave memory: [mem 0x000a0000-0x000e3fff]
Dec  1 01:53:02 danny-ubuntu kernel: [    0.078195] PM: Registered nosave memory: [mem 0x000e4000-0x000fffff]
Dec  1 01:53:02 danny-ubuntu kernel: [    0.078196] PM: Registered nosave memory: [mem 0xdfe80000-0xdfe97fff]
Dec  1 01:53:02 danny-ubuntu kernel: [    0.078197] PM: Registered nosave memory: [mem 0xdfe98000-0xdfebffff]
Dec  1 01:53:02 danny-ubuntu kernel: [    0.078197] PM: Registered nosave memory: [mem 0xdfec0000-0xdfefffff]
Dec  1 01:53:02 danny-ubuntu kernel: [    0.078198] PM: Registered nosave memory: [mem 0xdff00000-0xffdfffff]
Dec  1 01:53:02 danny-ubuntu kernel: [    0.078198] PM: Registered nosave memory: [mem 0xffe00000-0xffffffff]
Dec  1 01:53:02 danny-ubuntu kernel: [    0.078200] [mem 0xdff00000-0xffdfffff] available for PCI devices
Dec  1 01:53:02 danny-ubuntu kernel: [    0.078200] Booting paravirtualized kernel on bare hardware
Dec  1 01:53:02 danny-ubuntu kernel: [    0.078203] clocksource: refined-jiffies: mask: 0xffffffff max_cycles: 0xffffffff, max_idle_ns: 7645519600211568 ns
Dec  1 01:53:02 danny-ubuntu kernel: [    0.078211] random: get_random_bytes called from start_kernel+0x97/0x516 with crng_init=0
Dec  1 01:53:02 danny-ubuntu kernel: [    0.078217] setup_percpu: NR_CPUS:8192 nr_cpumask_bits:8 nr_cpu_ids:8 nr_node_ids:1
Dec  1 01:53:02 danny-ubuntu kernel: [    0.078902] percpu: Embedded 46 pages/cpu s151552 r8192 d28672 u262144
Dec  1 01:53:02 danny-ubuntu kernel: [    0.078907] pcpu-alloc: s151552 r8192 d28672 u262144 alloc=1*2097152
Dec  1 01:53:02 danny-ubuntu kernel: [    0.078908] pcpu-alloc: [0] 0 1 2 3 4 5 6 7 
Dec  1 01:53:02 danny-ubuntu kernel: [    0.078931] Built 1 zonelists, mobility grouping on.  Total pages: 2063887
Dec  1 01:53:02 danny-ubuntu kernel: [    0.078932] Policy zone: Normal
Dec  1 01:53:02 danny-ubuntu kernel: [    0.078933] Kernel command line: BOOT_IMAGE=/boot/vmlinuz-5.0.0-36-generic root=UUID=f31a1d38-db2c-45ab-ab7c-3b354780309c ro quiet splash
Dec  1 01:53:02 danny-ubuntu kernel: [    0.092063] AGP: Checking aperture...
Dec  1 01:53:02 danny-ubuntu kernel: [    0.099959] AGP: No AGP bridge found
Dec  1 01:53:02 danny-ubuntu kernel: [    0.099962] AGP: Node 0: aperture [bus addr 0x00000000-0x01ffffff] (32MB)
Dec  1 01:53:02 danny-ubuntu kernel: [    0.099962] AGP: Your BIOS doesn't leave an aperture memory hole
Dec  1 01:53:02 danny-ubuntu kernel: [    0.099963] AGP: Please enable the IOMMU option in the BIOS setup
Dec  1 01:53:02 danny-ubuntu kernel: [    0.099963] AGP: This costs you 64MB of RAM
Dec  1 01:53:02 danny-ubuntu kernel: [    0.099965] AGP: Mapping aperture over RAM [mem 0xd4000000-0xd7ffffff] (65536KB)
Dec  1 01:53:02 danny-ubuntu kernel: [    0.099967] PM: Registered nosave memory: [mem 0xd4000000-0xd7ffffff]
Dec  1 01:53:02 danny-ubuntu kernel: [    0.132375] Memory: 8049472K/8386680K available (14339K kernel code, 2336K rwdata, 4416K rodata, 2588K init, 5192K bss, 337208K reserved, 0K cma-reserved)
Dec  1 01:53:02 danny-ubuntu kernel: [    0.132536] SLUB: HWalign=64, Order=0-3, MinObjects=0, CPUs=8, Nodes=1
Dec  1 01:53:02 danny-ubuntu kernel: [    0.132544] ftrace: allocating 41686 entries in 163 pages
Dec  1 01:53:02 danny-ubuntu kernel: [    0.146958] rcu: Hierarchical RCU implementation.
Dec  1 01:53:02 danny-ubuntu kernel: [    0.146960] rcu: 	RCU restricting CPUs from NR_CPUS=8192 to nr_cpu_ids=8.
Dec  1 01:53:02 danny-ubuntu kernel: [    0.146960] 	Tasks RCU enabled.
Dec  1 01:53:02 danny-ubuntu kernel: [    0.146961] rcu: RCU calculated value of scheduler-enlistment delay is 25 jiffies.
Dec  1 01:53:02 danny-ubuntu kernel: [    0.146962] rcu: Adjusting geometry for rcu_fanout_leaf=16, nr_cpu_ids=8
Dec  1 01:53:02 danny-ubuntu kernel: [    0.149654] NR_IRQS: 524544, nr_irqs: 488, preallocated irqs: 16
Dec  1 01:53:02 danny-ubuntu kernel: [    0.149965] spurious 8259A interrupt: IRQ7.
Dec  1 01:53:02 danny-ubuntu kernel: [    0.154845] Console: colour VGA+ 80x25
Dec  1 01:53:02 danny-ubuntu kernel: [    0.154849] printk: console [tty0] enabled
Dec  1 01:53:02 danny-ubuntu kernel: [    0.154867] ACPI: Core revision 20181213
Dec  1 01:53:02 danny-ubuntu kernel: [    0.155061] clocksource: hpet: mask: 0xffffffff max_cycles: 0xffffffff, max_idle_ns: 133484873504 ns
Dec  1 01:53:02 danny-ubuntu kernel: [    0.155073] hpet clockevent registered
Dec  1 01:53:02 danny-ubuntu kernel: [    0.155077] APIC: Switch to symmetric I/O mode setup
Dec  1 01:53:02 danny-ubuntu kernel: [    0.155528] ..TIMER: vector=0x30 apic1=0 pin1=2 apic2=-1 pin2=-1
Dec  1 01:53:02 danny-ubuntu kernel: [    0.175075] clocksource: tsc-early: mask: 0xffffffffffffffff max_cycles: 0x31d1e166ec8, max_idle_ns: 440795229702 ns
Dec  1 01:53:02 danny-ubuntu kernel: [    0.175085] Calibrating delay loop (skipped), value calculated using timer frequency.. 6912.50 BogoMIPS (lpj=13825008)
Dec  1 01:53:02 danny-ubuntu kernel: [    0.175087] pid_max: default: 32768 minimum: 301
Dec  1 01:53:02 danny-ubuntu kernel: [    0.175124] LSM: Security Framework initializing
Dec  1 01:53:02 danny-ubuntu kernel: [    0.175135] Yama: becoming mindful.
Dec  1 01:53:02 danny-ubuntu kernel: [    0.175155] AppArmor: AppArmor initialized
Dec  1 01:53:02 danny-ubuntu kernel: [    0.177033] Dentry cache hash table entries: 1048576 (order: 11, 8388608 bytes)
Dec  1 01:53:02 danny-ubuntu kernel: [    0.177986] Inode-cache hash table entries: 524288 (order: 10, 4194304 bytes)
Dec  1 01:53:02 danny-ubuntu kernel: [    0.178034] Mount-cache hash table entries: 16384 (order: 5, 131072 bytes)
Dec  1 01:53:02 danny-ubuntu kernel: [    0.178066] Mountpoint-cache hash table entries: 16384 (order: 5, 131072 bytes)
Dec  1 01:53:02 danny-ubuntu kernel: [    0.178287] LVT offset 0 assigned for vector 0xf9
Dec  1 01:53:02 danny-ubuntu kernel: [    0.178290] process: using AMD E400 aware idle routine
Dec  1 01:53:02 danny-ubuntu kernel: [    0.178291] Last level iTLB entries: 4KB 512, 2MB 16, 4MB 8
Dec  1 01:53:02 danny-ubuntu kernel: [    0.178292] Last level dTLB entries: 4KB 512, 2MB 128, 4MB 64, 1GB 0
Dec  1 01:53:02 danny-ubuntu kernel: [    0.178293] Spectre V1 : Mitigation: usercopy/swapgs barriers and __user pointer sanitization
Dec  1 01:53:02 danny-ubuntu kernel: [    0.178294] Spectre V2 : Mitigation: Full AMD retpoline
Dec  1 01:53:02 danny-ubuntu kernel: [    0.178295] Spectre V2 : Spectre v2 / SpectreRSB mitigation: Filling RSB on context switch
Dec  1 01:53:02 danny-ubuntu kernel: [    0.178396] Freeing SMP alternatives memory: 36K
Dec  1 01:53:02 danny-ubuntu kernel: [    0.183080] process: System has AMD C1E enabled
Dec  1 01:53:02 danny-ubuntu kernel: [    0.294570] process: Switch to broadcast mode on CPU0
Dec  1 01:53:02 danny-ubuntu kernel: [    0.294576] smpboot: CPU0: AMD Phenom(tm) II X4 B50 Processor (family: 0x10, model: 0x5, stepping: 0x3)
Dec  1 01:53:02 danny-ubuntu kernel: [    0.294691] Performance Events: AMD PMU driver.
Dec  1 01:53:02 danny-ubuntu kernel: [    0.294694] ... version:                0
Dec  1 01:53:02 danny-ubuntu kernel: [    0.294695] ... bit width:              48
Dec  1 01:53:02 danny-ubuntu kernel: [    0.294695] ... generic registers:      4
Dec  1 01:53:02 danny-ubuntu kernel: [    0.294696] ... value mask:             0000ffffffffffff
Dec  1 01:53:02 danny-ubuntu kernel: [    0.294696] ... max period:             00007fffffffffff
Dec  1 01:53:02 danny-ubuntu kernel: [    0.294697] ... fixed-purpose events:   0
Dec  1 01:53:02 danny-ubuntu kernel: [    0.294697] ... event mask:             000000000000000f
Dec  1 01:53:02 danny-ubuntu kernel: [    0.294733] rcu: Hierarchical SRCU implementation.
Dec  1 01:53:02 danny-ubuntu kernel: [    0.295076] NMI watchdog: Enabled. Permanently consumes one hw-PMU counter.
Dec  1 01:53:02 danny-ubuntu kernel: [    0.295076] smp: Bringing up secondary CPUs ...
Dec  1 01:53:02 danny-ubuntu kernel: [    0.295076] x86: Booting SMP configuration:
Dec  1 01:53:02 danny-ubuntu kernel: [    0.295076] .... node  #0, CPUs:      #1
Dec  1 01:53:02 danny-ubuntu kernel: [    0.009133] process: Switch to broadcast mode on CPU1
Dec  1 01:53:02 danny-ubuntu kernel: [    0.295076]  #2
Dec  1 01:53:02 danny-ubuntu kernel: [    0.009133] process: Switch to broadcast mode on CPU2
Dec  1 01:53:02 danny-ubuntu kernel: [    0.295200]  #3
Dec  1 01:53:02 danny-ubuntu kernel: [    0.009133] process: Switch to broadcast mode on CPU3
Dec  1 01:53:02 danny-ubuntu kernel: [    0.297283] smp: Brought up 1 node, 4 CPUs
Dec  1 01:53:02 danny-ubuntu kernel: [    0.297283] smpboot: Max logical packages: 2
Dec  1 01:53:02 danny-ubuntu kernel: [    0.297283] smpboot: Total of 4 processors activated (27650.01 BogoMIPS)
Dec  1 01:53:02 danny-ubuntu kernel: [    0.299470] devtmpfs: initialized
Dec  1 01:53:02 danny-ubuntu kernel: [    0.299470] x86/mm: Memory block size: 128MB
Dec  1 01:53:02 danny-ubuntu kernel: [    0.299791] PM: Registering ACPI NVS region [mem 0xdfe98000-0xdfebffff] (163840 bytes)
Dec  1 01:53:02 danny-ubuntu kernel: [    0.299791] clocksource: jiffies: mask: 0xffffffff max_cycles: 0xffffffff, max_idle_ns: 7645041785100000 ns
Dec  1 01:53:02 danny-ubuntu kernel: [    0.299791] futex hash table entries: 2048 (order: 5, 131072 bytes)
Dec  1 01:53:02 danny-ubuntu kernel: [    0.299791] pinctrl core: initialized pinctrl subsystem
Dec  1 01:53:02 danny-ubuntu kernel: [    0.299791] RTC time: 00:52:35, date: 2019-12-01
Dec  1 01:53:02 danny-ubuntu kernel: [    0.299791] NET: Registered protocol family 16
Dec  1 01:53:02 danny-ubuntu kernel: [    0.299791] audit: initializing netlink subsys (disabled)
Dec  1 01:53:02 danny-ubuntu kernel: [    0.299791] audit: type=2000 audit(1575161554.144:1): state=initialized audit_enabled=0 res=1
Dec  1 01:53:02 danny-ubuntu kernel: [    0.299791] EISA bus registered
Dec  1 01:53:02 danny-ubuntu kernel: [    0.299791] cpuidle: using governor ladder
Dec  1 01:53:02 danny-ubuntu kernel: [    0.299791] cpuidle: using governor menu
Dec  1 01:53:02 danny-ubuntu kernel: [    0.299791] node 0 link 0: io port [1000, ffffff]
Dec  1 01:53:02 danny-ubuntu kernel: [    0.299791] TOM: 00000000e0000000 aka 3584M
Dec  1 01:53:02 danny-ubuntu kernel: [    0.299791] Fam 10h mmconf [mem 0xe0000000-0xefffffff]
Dec  1 01:53:02 danny-ubuntu kernel: [    0.299791] node 0 link 0: mmio [a0000, bffff]
Dec  1 01:53:02 danny-ubuntu kernel: [    0.299791] node 0 link 0: mmio [e0000000, efffffff] ==> none
Dec  1 01:53:02 danny-ubuntu kernel: [    0.299791] node 0 link 0: mmio [f0000000, ffdfffff]
Dec  1 01:53:02 danny-ubuntu kernel: [    0.299791] TOM2: 0000000220000000 aka 8704M
Dec  1 01:53:02 danny-ubuntu kernel: [    0.299791] bus: [bus 00-1f] on node 0 link 0
Dec  1 01:53:02 danny-ubuntu kernel: [    0.299791] bus: 00 [io  0x0000-0xffff]
Dec  1 01:53:02 danny-ubuntu kernel: [    0.299791] bus: 00 [mem 0x000a0000-0x000bffff]
Dec  1 01:53:02 danny-ubuntu kernel: [    0.299791] bus: 00 [mem 0xf0000000-0xffffffff]
Dec  1 01:53:02 danny-ubuntu kernel: [    0.299791] bus: 00 [mem 0x220000000-0xfcffffffff]
Dec  1 01:53:02 danny-ubuntu kernel: [    0.299791] ACPI: bus type PCI registered
Dec  1 01:53:02 danny-ubuntu kernel: [    0.299791] acpiphp: ACPI Hot Plug PCI Controller Driver version: 0.5
Dec  1 01:53:02 danny-ubuntu kernel: [    0.299791] PCI: MMCONFIG for domain 0000 [bus 00-ff] at [mem 0xe0000000-0xefffffff] (base 0xe0000000)
Dec  1 01:53:02 danny-ubuntu kernel: [    0.299791] PCI: not using MMCONFIG
Dec  1 01:53:02 danny-ubuntu kernel: [    0.299791] PCI: Using configuration type 1 for base access
Dec  1 01:53:02 danny-ubuntu kernel: [    0.299791] PCI: Using configuration type 1 for extended access
Dec  1 01:53:02 danny-ubuntu kernel: [    0.299791] mtrr: your CPUs had inconsistent variable MTRR settings
Dec  1 01:53:02 danny-ubuntu kernel: [    0.299791] mtrr: probably your BIOS does not setup all CPUs.
Dec  1 01:53:02 danny-ubuntu kernel: [    0.299791] mtrr: corrected configuration.
Dec  1 01:53:02 danny-ubuntu kernel: [    0.300394] HugeTLB registered 1.00 GiB page size, pre-allocated 0 pages
Dec  1 01:53:02 danny-ubuntu kernel: [    0.300394] HugeTLB registered 2.00 MiB page size, pre-allocated 0 pages
Dec  1 01:53:02 danny-ubuntu kernel: [    0.303198] ACPI: Added _OSI(Module Device)
Dec  1 01:53:02 danny-ubuntu kernel: [    0.303198] ACPI: Added _OSI(Processor Device)
Dec  1 01:53:02 danny-ubuntu kernel: [    0.303198] ACPI: Added _OSI(3.0 _SCP Extensions)
Dec  1 01:53:02 danny-ubuntu kernel: [    0.303198] ACPI: Added _OSI(Processor Aggregator Device)
Dec  1 01:53:02 danny-ubuntu kernel: [    0.303198] ACPI: Added _OSI(Linux-Dell-Video)
Dec  1 01:53:02 danny-ubuntu kernel: [    0.303198] ACPI: Added _OSI(Linux-Lenovo-NV-HDMI-Audio)
Dec  1 01:53:02 danny-ubuntu kernel: [    0.303198] ACPI: Added _OSI(Linux-HPI-Hybrid-Graphics)
Dec  1 01:53:02 danny-ubuntu kernel: [    0.313916] ACPI: 2 ACPI AML tables successfully acquired and loaded
Dec  1 01:53:02 danny-ubuntu kernel: [    0.416336] ACPI: Interpreter enabled
Dec  1 01:53:02 danny-ubuntu kernel: [    0.416360] ACPI: (supports S0 S1 S3 S4 S5)
Dec  1 01:53:02 danny-ubuntu kernel: [    0.416361] ACPI: Using IOAPIC for interrupt routing
Dec  1 01:53:02 danny-ubuntu kernel: [    0.416395] PCI: MMCONFIG for domain 0000 [bus 00-ff] at [mem 0xe0000000-0xefffffff] (base 0xe0000000)
Dec  1 01:53:02 danny-ubuntu kernel: [    0.418246] PCI: MMCONFIG at [mem 0xe0000000-0xefffffff] reserved in ACPI motherboard resources
Dec  1 01:53:02 danny-ubuntu kernel: [    0.418263] PCI: Using host bridge windows from ACPI; if necessary, use "pci=nocrs" and report a bug
Dec  1 01:53:02 danny-ubuntu kernel: [    0.418835] ACPI: Enabled 7 GPEs in block 00 to 1F
Dec  1 01:53:02 danny-ubuntu kernel: [    0.427059] ACPI: PCI Root Bridge [PCI0] (domain 0000 [bus 00-ff])
Dec  1 01:53:02 danny-ubuntu kernel: [    0.427088] acpi PNP0A03:00: _OSC: OS supports [ExtendedConfig ASPM ClockPM Segments MSI]
Dec  1 01:53:02 danny-ubuntu kernel: [    0.427421] PCI host bridge to bus 0000:00
Dec  1 01:53:02 danny-ubuntu kernel: [    0.427422] pci_bus 0000:00: root bus resource [io  0x0000-0x0cf7 window]
Dec  1 01:53:02 danny-ubuntu kernel: [    0.427423] pci_bus 0000:00: root bus resource [io  0x0d00-0xffff window]
Dec  1 01:53:02 danny-ubuntu kernel: [    0.427425] pci_bus 0000:00: root bus resource [mem 0x000a0000-0x000bffff window]
Dec  1 01:53:02 danny-ubuntu kernel: [    0.427426] pci_bus 0000:00: root bus resource [mem 0x000d0000-0x000dffff window]
Dec  1 01:53:02 danny-ubuntu kernel: [    0.427427] pci_bus 0000:00: root bus resource [mem 0xdff00000-0xdfffffff window]
Dec  1 01:53:02 danny-ubuntu kernel: [    0.427427] pci_bus 0000:00: root bus resource [mem 0xf0000000-0xfebfffff window]
Dec  1 01:53:02 danny-ubuntu kernel: [    0.427429] pci_bus 0000:00: root bus resource [bus 00-ff]
Dec  1 01:53:02 danny-ubuntu kernel: [    0.427436] pci 0000:00:00.0: [1022:9600] type 00 class 0x060000
Dec  1 01:53:02 danny-ubuntu kernel: [    0.427541] pci 0000:00:02.0: [1022:9603] type 01 class 0x060400
Dec  1 01:53:02 danny-ubuntu kernel: [    0.427555] pci 0000:00:02.0: enabling Extended Tags
Dec  1 01:53:02 danny-ubuntu kernel: [    0.427576] pci 0000:00:02.0: PME# supported from D0 D3hot D3cold
Dec  1 01:53:02 danny-ubuntu kernel: [    0.427660] pci 0000:00:07.0: [1022:9607] type 01 class 0x060400
Dec  1 01:53:02 danny-ubuntu kernel: [    0.427673] pci 0000:00:07.0: enabling Extended Tags
Dec  1 01:53:02 danny-ubuntu kernel: [    0.427691] pci 0000:00:07.0: PME# supported from D0 D3hot D3cold
Dec  1 01:53:02 danny-ubuntu kernel: [    0.427772] pci 0000:00:0a.0: [1022:9609] type 01 class 0x060400
Dec  1 01:53:02 danny-ubuntu kernel: [    0.427785] pci 0000:00:0a.0: enabling Extended Tags
Dec  1 01:53:02 danny-ubuntu kernel: [    0.427804] pci 0000:00:0a.0: PME# supported from D0 D3hot D3cold
Dec  1 01:53:02 danny-ubuntu kernel: [    0.427890] pci 0000:00:11.0: [1002:4390] type 00 class 0x01018f
Dec  1 01:53:02 danny-ubuntu kernel: [    0.427909] pci 0000:00:11.0: reg 0x10: [io  0xc000-0xc007]
Dec  1 01:53:02 danny-ubuntu kernel: [    0.427917] pci 0000:00:11.0: reg 0x14: [io  0xb000-0xb003]
Dec  1 01:53:02 danny-ubuntu kernel: [    0.427925] pci 0000:00:11.0: reg 0x18: [io  0xa000-0xa007]
Dec  1 01:53:02 danny-ubuntu kernel: [    0.427932] pci 0000:00:11.0: reg 0x1c: [io  0x9000-0x9003]
Dec  1 01:53:02 danny-ubuntu kernel: [    0.427940] pci 0000:00:11.0: reg 0x20: [io  0x8000-0x800f]
Dec  1 01:53:02 danny-ubuntu kernel: [    0.427948] pci 0000:00:11.0: reg 0x24: [mem 0xfcfffc00-0xfcffffff]
Dec  1 01:53:02 danny-ubuntu kernel: [    0.427967] pci 0000:00:11.0: set SATA to AHCI mode
Dec  1 01:53:02 danny-ubuntu kernel: [    0.428068] pci 0000:00:12.0: [1002:4397] type 00 class 0x0c0310
Dec  1 01:53:02 danny-ubuntu kernel: [    0.428084] pci 0000:00:12.0: reg 0x10: [mem 0xfcffe000-0xfcffefff]
Dec  1 01:53:02 danny-ubuntu kernel: [    0.428206] pci 0000:00:12.1: [1002:4398] type 00 class 0x0c0310
Dec  1 01:53:02 danny-ubuntu kernel: [    0.428221] pci 0000:00:12.1: reg 0x10: [mem 0xfcffd000-0xfcffdfff]
Dec  1 01:53:02 danny-ubuntu kernel: [    0.428346] pci 0000:00:12.2: [1002:4396] type 00 class 0x0c0320
Dec  1 01:53:02 danny-ubuntu kernel: [    0.428364] pci 0000:00:12.2: reg 0x10: [mem 0xfcfff800-0xfcfff8ff]
Dec  1 01:53:02 danny-ubuntu kernel: [    0.428435] pci 0000:00:12.2: supports D1 D2
Dec  1 01:53:02 danny-ubuntu kernel: [    0.428436] pci 0000:00:12.2: PME# supported from D0 D1 D2 D3hot
Dec  1 01:53:02 danny-ubuntu kernel: [    0.428523] pci 0000:00:13.0: [1002:4397] type 00 class 0x0c0310
Dec  1 01:53:02 danny-ubuntu kernel: [    0.428538] pci 0000:00:13.0: reg 0x10: [mem 0xfcffc000-0xfcffcfff]
Dec  1 01:53:02 danny-ubuntu kernel: [    0.428659] pci 0000:00:13.1: [1002:4398] type 00 class 0x0c0310
Dec  1 01:53:02 danny-ubuntu kernel: [    0.428675] pci 0000:00:13.1: reg 0x10: [mem 0xfcffb000-0xfcffbfff]
Dec  1 01:53:02 danny-ubuntu kernel: [    0.428800] pci 0000:00:13.2: [1002:4396] type 00 class 0x0c0320
Dec  1 01:53:02 danny-ubuntu kernel: [    0.428818] pci 0000:00:13.2: reg 0x10: [mem 0xfcfff400-0xfcfff4ff]
Dec  1 01:53:02 danny-ubuntu kernel: [    0.428889] pci 0000:00:13.2: supports D1 D2
Dec  1 01:53:02 danny-ubuntu kernel: [    0.428890] pci 0000:00:13.2: PME# supported from D0 D1 D2 D3hot
Dec  1 01:53:02 danny-ubuntu kernel: [    0.428977] pci 0000:00:14.0: [1002:4385] type 00 class 0x0c0500
Dec  1 01:53:02 danny-ubuntu kernel: [    0.429127] pci 0000:00:14.1: [1002:439c] type 00 class 0x01018a
Dec  1 01:53:02 danny-ubuntu kernel: [    0.429144] pci 0000:00:14.1: reg 0x10: [io  0x0000-0x0007]
Dec  1 01:53:02 danny-ubuntu kernel: [    0.429152] pci 0000:00:14.1: reg 0x14: [io  0x0000-0x0003]
Dec  1 01:53:02 danny-ubuntu kernel: [    0.429160] pci 0000:00:14.1: reg 0x18: [io  0x0000-0x0007]
Dec  1 01:53:02 danny-ubuntu kernel: [    0.429167] pci 0000:00:14.1: reg 0x1c: [io  0x0000-0x0003]
Dec  1 01:53:02 danny-ubuntu kernel: [    0.429175] pci 0000:00:14.1: reg 0x20: [io  0xff00-0xff0f]
Dec  1 01:53:02 danny-ubuntu kernel: [    0.429192] pci 0000:00:14.1: legacy IDE quirk: reg 0x10: [io  0x01f0-0x01f7]
Dec  1 01:53:02 danny-ubuntu kernel: [    0.429193] pci 0000:00:14.1: legacy IDE quirk: reg 0x14: [io  0x03f6]
Dec  1 01:53:02 danny-ubuntu kernel: [    0.429194] pci 0000:00:14.1: legacy IDE quirk: reg 0x18: [io  0x0170-0x0177]
Dec  1 01:53:02 danny-ubuntu kernel: [    0.429194] pci 0000:00:14.1: legacy IDE quirk: reg 0x1c: [io  0x0376]
Dec  1 01:53:02 danny-ubuntu kernel: [    0.429289] pci 0000:00:14.2: [1002:4383] type 00 class 0x040300
Dec  1 01:53:02 danny-ubuntu kernel: [    0.429310] pci 0000:00:14.2: reg 0x10: [mem 0xfcff4000-0xfcff7fff 64bit]
Dec  1 01:53:02 danny-ubuntu kernel: [    0.429369] pci 0000:00:14.2: PME# supported from D0 D3hot D3cold
Dec  1 01:53:02 danny-ubuntu kernel: [    0.429447] pci 0000:00:14.3: [1002:439d] type 00 class 0x060100
Dec  1 01:53:02 danny-ubuntu kernel: [    0.429581] pci 0000:00:14.4: [1002:4384] type 01 class 0x060401
Dec  1 01:53:02 danny-ubuntu kernel: [    0.429687] pci 0000:00:14.5: [1002:4399] type 00 class 0x0c0310
Dec  1 01:53:02 danny-ubuntu kernel: [    0.429702] pci 0000:00:14.5: reg 0x10: [mem 0xfcffa000-0xfcffafff]
Dec  1 01:53:02 danny-ubuntu kernel: [    0.429826] pci 0000:00:18.0: [1022:1200] type 00 class 0x060000
Dec  1 01:53:02 danny-ubuntu kernel: [    0.429895] pci 0000:00:18.1: [1022:1201] type 00 class 0x060000
Dec  1 01:53:02 danny-ubuntu kernel: [    0.429961] pci 0000:00:18.2: [1022:1202] type 00 class 0x060000
Dec  1 01:53:02 danny-ubuntu kernel: [    0.430028] pci 0000:00:18.3: [1022:1203] type 00 class 0x060000
Dec  1 01:53:02 danny-ubuntu kernel: [    0.430096] pci 0000:00:18.4: [1022:1204] type 00 class 0x060000
Dec  1 01:53:02 danny-ubuntu kernel: [    0.430198] pci 0000:01:00.0: [10de:1180] type 00 class 0x030000
Dec  1 01:53:02 danny-ubuntu kernel: [    0.430214] pci 0000:01:00.0: reg 0x10: [mem 0xfd000000-0xfdffffff]
Dec  1 01:53:02 danny-ubuntu kernel: [    0.430223] pci 0000:01:00.0: reg 0x14: [mem 0xf0000000-0xf7ffffff 64bit pref]
Dec  1 01:53:02 danny-ubuntu kernel: [    0.430231] pci 0000:01:00.0: reg 0x1c: [mem 0xf8000000-0xf9ffffff 64bit pref]
Dec  1 01:53:02 danny-ubuntu kernel: [    0.430237] pci 0000:01:00.0: reg 0x24: [io  0xdc00-0xdc7f]
Dec  1 01:53:02 danny-ubuntu kernel: [    0.430243] pci 0000:01:00.0: reg 0x30: [mem 0xfe980000-0xfe9fffff pref]
Dec  1 01:53:02 danny-ubuntu kernel: [    0.430308] pci 0000:01:00.0: 32.000 Gb/s available PCIe bandwidth, limited by 2.5 GT/s x16 link at 0000:00:02.0 (capable of 126.016 Gb/s with 8 GT/s x16 link)
Dec  1 01:53:02 danny-ubuntu kernel: [    0.430341] pci 0000:01:00.1: [10de:0e0a] type 00 class 0x040300
Dec  1 01:53:02 danny-ubuntu kernel: [    0.430354] pci 0000:01:00.1: reg 0x10: [mem 0xfe97c000-0xfe97ffff]
Dec  1 01:53:02 danny-ubuntu kernel: [    0.430471] pci 0000:00:02.0: PCI bridge to [bus 01]
Dec  1 01:53:02 danny-ubuntu kernel: [    0.430473] pci 0000:00:02.0:   bridge window [io  0xd000-0xdfff]
Dec  1 01:53:02 danny-ubuntu kernel: [    0.430475] pci 0000:00:02.0:   bridge window [mem 0xfd000000-0xfe9fffff]
Dec  1 01:53:02 danny-ubuntu kernel: [    0.430477] pci 0000:00:02.0:   bridge window [mem 0xf0000000-0xf9ffffff 64bit pref]
Dec  1 01:53:02 danny-ubuntu kernel: [    0.430510] pci 0000:02:00.0: [1b21:1042] type 00 class 0x0c0330
Dec  1 01:53:02 danny-ubuntu kernel: [    0.430532] pci 0000:02:00.0: reg 0x10: [mem 0xfeaf0000-0xfeaf7fff 64bit]
Dec  1 01:53:02 danny-ubuntu kernel: [    0.430620] pci 0000:02:00.0: PME# supported from D3hot D3cold
Dec  1 01:53:02 danny-ubuntu kernel: [    0.430681] pci 0000:00:07.0: PCI bridge to [bus 02]
Dec  1 01:53:02 danny-ubuntu kernel: [    0.430684] pci 0000:00:07.0:   bridge window [mem 0xfea00000-0xfeafffff]
Dec  1 01:53:02 danny-ubuntu kernel: [    0.430730] pci 0000:03:00.0: [10ec:8168] type 00 class 0x020000
Dec  1 01:53:02 danny-ubuntu kernel: [    0.430748] pci 0000:03:00.0: reg 0x10: [io  0xe800-0xe8ff]
Dec  1 01:53:02 danny-ubuntu kernel: [    0.430766] pci 0000:03:00.0: reg 0x18: [mem 0xfbfff000-0xfbffffff 64bit pref]
Dec  1 01:53:02 danny-ubuntu kernel: [    0.430776] pci 0000:03:00.0: reg 0x20: [mem 0xfbff8000-0xfbffbfff 64bit pref]
Dec  1 01:53:02 danny-ubuntu kernel: [    0.430840] pci 0000:03:00.0: supports D1 D2
Dec  1 01:53:02 danny-ubuntu kernel: [    0.430841] pci 0000:03:00.0: PME# supported from D0 D1 D2 D3hot D3cold
Dec  1 01:53:02 danny-ubuntu kernel: [    0.430932] pci 0000:00:0a.0: PCI bridge to [bus 03]
Dec  1 01:53:02 danny-ubuntu kernel: [    0.430934] pci 0000:00:0a.0:   bridge window [io  0xe000-0xefff]
Dec  1 01:53:02 danny-ubuntu kernel: [    0.430936] pci 0000:00:0a.0:   bridge window [mem 0xfbf00000-0xfbffffff 64bit pref]
Dec  1 01:53:02 danny-ubuntu kernel: [    0.430946] pci_bus 0000:04: extended config space not accessible
Dec  1 01:53:02 danny-ubuntu kernel: [    0.430975] pci 0000:04:06.0: [168c:0029] type 00 class 0x028000
Dec  1 01:53:02 danny-ubuntu kernel: [    0.430995] pci 0000:04:06.0: reg 0x10: [mem 0xfebf0000-0xfebfffff]
Dec  1 01:53:02 danny-ubuntu kernel: [    0.431116] pci 0000:04:06.0: PME# supported from D0 D3hot
Dec  1 01:53:02 danny-ubuntu kernel: [    0.431188] pci 0000:00:14.4: PCI bridge to [bus 04] (subtractive decode)
Dec  1 01:53:02 danny-ubuntu kernel: [    0.431193] pci 0000:00:14.4:   bridge window [mem 0xfeb00000-0xfebfffff]
Dec  1 01:53:02 danny-ubuntu kernel: [    0.431196] pci 0000:00:14.4:   bridge window [io  0x0000-0x0cf7 window] (subtractive decode)
Dec  1 01:53:02 danny-ubuntu kernel: [    0.431197] pci 0000:00:14.4:   bridge window [io  0x0d00-0xffff window] (subtractive decode)
Dec  1 01:53:02 danny-ubuntu kernel: [    0.431198] pci 0000:00:14.4:   bridge window [mem 0x000a0000-0x000bffff window] (subtractive decode)
Dec  1 01:53:02 danny-ubuntu kernel: [    0.431199] pci 0000:00:14.4:   bridge window [mem 0x000d0000-0x000dffff window] (subtractive decode)
Dec  1 01:53:02 danny-ubuntu kernel: [    0.431200] pci 0000:00:14.4:   bridge window [mem 0xdff00000-0xdfffffff window] (subtractive decode)
Dec  1 01:53:02 danny-ubuntu kernel: [    0.431201] pci 0000:00:14.4:   bridge window [mem 0xf0000000-0xfebfffff window] (subtractive decode)
Dec  1 01:53:02 danny-ubuntu kernel: [    0.432237] ACPI: PCI Interrupt Link [LNKA] (IRQs 4 7 *10 12 14 15)
Dec  1 01:53:02 danny-ubuntu kernel: [    0.432294] ACPI: PCI Interrupt Link [LNKB] (IRQs 4 7 10 *11 12 14 15)
Dec  1 01:53:02 danny-ubuntu kernel: [    0.432349] ACPI: PCI Interrupt Link [LNKC] (IRQs 4 7 *10 11 12 14 15)
Dec  1 01:53:02 danny-ubuntu kernel: [    0.432405] ACPI: PCI Interrupt Link [LNKD] (IRQs 4 7 10 *11 12 14 15)
Dec  1 01:53:02 danny-ubuntu kernel: [    0.432460] ACPI: PCI Interrupt Link [LNKE] (IRQs 4 7 10 11 12 14 15) *0, disabled.
Dec  1 01:53:02 danny-ubuntu kernel: [    0.432515] ACPI: PCI Interrupt Link [LNKF] (IRQs 4 7 *10 11 12 14 15)
Dec  1 01:53:02 danny-ubuntu kernel: [    0.432570] ACPI: PCI Interrupt Link [LNKG] (IRQs *11)
Dec  1 01:53:02 danny-ubuntu kernel: [    0.432625] ACPI: PCI Interrupt Link [LNKH] (IRQs 4 7 10 11 12 14 15) *0, disabled.
Dec  1 01:53:02 danny-ubuntu kernel: [    0.432827] SCSI subsystem initialized
Dec  1 01:53:02 danny-ubuntu kernel: [    0.432827] libata version 3.00 loaded.
Dec  1 01:53:02 danny-ubuntu kernel: [    0.432827] pci 0000:01:00.0: vgaarb: setting as boot VGA device
Dec  1 01:53:02 danny-ubuntu kernel: [    0.432827] pci 0000:01:00.0: vgaarb: VGA device added: decodes=io+mem,owns=io+mem,locks=none
Dec  1 01:53:02 danny-ubuntu kernel: [    0.432827] pci 0000:01:00.0: vgaarb: bridge control possible
Dec  1 01:53:02 danny-ubuntu kernel: [    0.432827] vgaarb: loaded
Dec  1 01:53:02 danny-ubuntu kernel: [    0.432827] ACPI: bus type USB registered
Dec  1 01:53:02 danny-ubuntu kernel: [    0.432827] usbcore: registered new interface driver usbfs
Dec  1 01:53:02 danny-ubuntu kernel: [    0.432827] usbcore: registered new interface driver hub
Dec  1 01:53:02 danny-ubuntu kernel: [    0.432827] usbcore: registered new device driver usb
Dec  1 01:53:02 danny-ubuntu kernel: [    0.432827] pps_core: LinuxPPS API ver. 1 registered
Dec  1 01:53:02 danny-ubuntu kernel: [    0.432827] pps_core: Software ver. 5.3.6 - Copyright 2005-2007 Rodolfo Giometti <giometti@linux.it>
Dec  1 01:53:02 danny-ubuntu kernel: [    0.432827] PTP clock support registered
Dec  1 01:53:02 danny-ubuntu kernel: [    0.432827] EDAC MC: Ver: 3.0.0
Dec  1 01:53:02 danny-ubuntu kernel: [    0.432827] PCI: Using ACPI for IRQ routing
Dec  1 01:53:02 danny-ubuntu kernel: [    0.437594] PCI: pci_cache_line_size set to 64 bytes
Dec  1 01:53:02 danny-ubuntu kernel: [    0.437649] e820: reserve RAM buffer [mem 0x0009f000-0x0009ffff]
Dec  1 01:53:02 danny-ubuntu kernel: [    0.437650] e820: reserve RAM buffer [mem 0xdfe80000-0xdfffffff]
Dec  1 01:53:02 danny-ubuntu kernel: [    0.439080] NetLabel: Initializing
Dec  1 01:53:02 danny-ubuntu kernel: [    0.439080] NetLabel:  domain hash size = 128
Dec  1 01:53:02 danny-ubuntu kernel: [    0.439080] NetLabel:  protocols = UNLABELED CIPSOv4 CALIPSO
Dec  1 01:53:02 danny-ubuntu kernel: [    0.439080] NetLabel:  unlabeled traffic allowed by default
Dec  1 01:53:02 danny-ubuntu kernel: [    0.439162] hpet0: at MMIO 0xfed00000, IRQs 2, 8, 0, 0
Dec  1 01:53:02 danny-ubuntu kernel: [    0.439165] hpet0: 4 comparators, 32-bit 14.318180 MHz counter
Dec  1 01:53:02 danny-ubuntu kernel: [    0.443138] clocksource: Switched to clocksource tsc-early
Dec  1 01:53:02 danny-ubuntu kernel: [    0.455225] VFS: Disk quotas dquot_6.6.0
Dec  1 01:53:02 danny-ubuntu kernel: [    0.455239] VFS: Dquot-cache hash table entries: 512 (order 0, 4096 bytes)
Dec  1 01:53:02 danny-ubuntu kernel: [    0.455346] AppArmor: AppArmor Filesystem Enabled
Dec  1 01:53:02 danny-ubuntu kernel: [    0.455371] pnp: PnP ACPI init
Dec  1 01:53:02 danny-ubuntu kernel: [    0.455576] system 00:00: Plug and Play ACPI device, IDs PNP0c02 (active)
Dec  1 01:53:02 danny-ubuntu kernel: [    0.455628] pnp 00:01: Plug and Play ACPI device, IDs PNP0b00 (active)
Dec  1 01:53:02 danny-ubuntu kernel: [    0.456313] pnp 00:02: [dma 0 disabled]
Dec  1 01:53:02 danny-ubuntu kernel: [    0.456538] pnp 00:02: Plug and Play ACPI device, IDs PNP0400 (active)
Dec  1 01:53:02 danny-ubuntu kernel: [    0.457072] pnp 00:03: [dma 0 disabled]
Dec  1 01:53:02 danny-ubuntu kernel: [    0.457131] pnp 00:03: Plug and Play ACPI device, IDs PNP0501 (active)
Dec  1 01:53:02 danny-ubuntu kernel: [    0.457254] system 00:04: [mem 0xfec00000-0xfec00fff] could not be reserved
Dec  1 01:53:02 danny-ubuntu kernel: [    0.457255] system 00:04: [mem 0xfee00000-0xfee00fff] has been reserved
Dec  1 01:53:02 danny-ubuntu kernel: [    0.457258] system 00:04: Plug and Play ACPI device, IDs PNP0c02 (active)
Dec  1 01:53:02 danny-ubuntu kernel: [    0.457520] system 00:05: [io  0x04d0-0x04d1] has been reserved
Dec  1 01:53:02 danny-ubuntu kernel: [    0.457521] system 00:05: [io  0x040b] has been reserved
Dec  1 01:53:02 danny-ubuntu kernel: [    0.457522] system 00:05: [io  0x04d6] has been reserved
